External test sets: cvc-clinicdb=data/external/cvc-clinicdb/
== train unet_seed42_fold0
Warning: You are sending unauthenticated requests to the HF Hub. Please set a HF_TOKEN to enable higher rate limits and faster downloads.
[unet_seed42_fold0] device=cuda params=24.44M train=700 val=100 amp=True
[unet_seed42_fold0] epoch   1/60 loss=1.2020 val_dice=0.5957 (5s)
[unet_seed42_fold0] epoch   2/60 loss=0.9675 val_dice=0.7317 (4s)
[unet_seed42_fold0] epoch   3/60 loss=0.8851 val_dice=0.7661 (4s)
[unet_seed42_fold0] epoch   4/60 loss=0.8110 val_dice=0.7835 (4s)
[unet_seed42_fold0] epoch   5/60 loss=0.7474 val_dice=0.7671 (4s)
[unet_seed42_fold0] epoch   6/60 loss=0.6889 val_dice=0.8092 (4s)
[unet_seed42_fold0] epoch   7/60 loss=0.6272 val_dice=0.7952 (4s)
[unet_seed42_fold0] epoch   8/60 loss=0.5925 val_dice=0.8194 (4s)
[unet_seed42_fold0] epoch   9/60 loss=0.5569 val_dice=0.8073 (4s)
[unet_seed42_fold0] epoch  10/60 loss=0.5319 val_dice=0.8096 (4s)
[unet_seed42_fold0] epoch  11/60 loss=0.4860 val_dice=0.8438 (4s)
[unet_seed42_fold0] epoch  12/60 loss=0.4481 val_dice=0.8372 (4s)
[unet_seed42_fold0] epoch  13/60 loss=0.4500 val_dice=0.8379 (4s)
[unet_seed42_fold0] epoch  14/60 loss=0.4137 val_dice=0.8415 (4s)
[unet_seed42_fold0] epoch  15/60 loss=0.3973 val_dice=0.8359 (4s)
[unet_seed42_fold0] epoch  16/60 loss=0.3829 val_dice=0.8585 (4s)
[unet_seed42_fold0] epoch  17/60 loss=0.3588 val_dice=0.8476 (4s)
[unet_seed42_fold0] epoch  18/60 loss=0.3443 val_dice=0.8330 (4s)
[unet_seed42_fold0] epoch  19/60 loss=0.3326 val_dice=0.8564 (4s)
[unet_seed42_fold0] epoch  20/60 loss=0.3219 val_dice=0.8487 (4s)
[unet_seed42_fold0] epoch  21/60 loss=0.3122 val_dice=0.8562 (4s)
[unet_seed42_fold0] epoch  22/60 loss=0.2985 val_dice=0.8690 (4s)
[unet_seed42_fold0] epoch  23/60 loss=0.2968 val_dice=0.8525 (4s)
[unet_seed42_fold0] epoch  24/60 loss=0.2888 val_dice=0.8613 (4s)
[unet_seed42_fold0] epoch  25/60 loss=0.2689 val_dice=0.8707 (4s)
[unet_seed42_fold0] epoch  26/60 loss=0.2637 val_dice=0.8717 (4s)
[unet_seed42_fold0] epoch  27/60 loss=0.2453 val_dice=0.8680 (4s)
[unet_seed42_fold0] epoch  28/60 loss=0.2655 val_dice=0.8618 (4s)
[unet_seed42_fold0] epoch  29/60 loss=0.2429 val_dice=0.8756 (4s)
[unet_seed42_fold0] epoch  30/60 loss=0.2285 val_dice=0.8658 (4s)
[unet_seed42_fold0] epoch  31/60 loss=0.2330 val_dice=0.8750 (4s)
[unet_seed42_fold0] epoch  32/60 loss=0.2413 val_dice=0.8662 (4s)
[unet_seed42_fold0] epoch  33/60 loss=0.2225 val_dice=0.8704 (4s)
[unet_seed42_fold0] epoch  34/60 loss=0.2235 val_dice=0.8763 (4s)
[unet_seed42_fold0] epoch  35/60 loss=0.2136 val_dice=0.8753 (4s)
[unet_seed42_fold0] epoch  36/60 loss=0.2062 val_dice=0.8838 (4s)
[unet_seed42_fold0] epoch  37/60 loss=0.2130 val_dice=0.8742 (4s)
[unet_seed42_fold0] epoch  38/60 loss=0.2098 val_dice=0.8631 (4s)
[unet_seed42_fold0] epoch  39/60 loss=0.1953 val_dice=0.8677 (4s)
[unet_seed42_fold0] epoch  40/60 loss=0.2017 val_dice=0.8761 (4s)
[unet_seed42_fold0] epoch  41/60 loss=0.1893 val_dice=0.8787 (4s)
[unet_seed42_fold0] epoch  42/60 loss=0.1909 val_dice=0.8823 (4s)
[unet_seed42_fold0] epoch  43/60 loss=0.1868 val_dice=0.8872 (4s)
[unet_seed42_fold0] epoch  44/60 loss=0.1895 val_dice=0.8831 (4s)
[unet_seed42_fold0] epoch  45/60 loss=0.1803 val_dice=0.8799 (4s)
[unet_seed42_fold0] epoch  46/60 loss=0.1788 val_dice=0.8751 (4s)
[unet_seed42_fold0] epoch  47/60 loss=0.1755 val_dice=0.8734 (4s)
[unet_seed42_fold0] epoch  48/60 loss=0.1739 val_dice=0.8743 (4s)
[unet_seed42_fold0] epoch  49/60 loss=0.1725 val_dice=0.8731 (4s)
[unet_seed42_fold0] epoch  50/60 loss=0.1641 val_dice=0.8741 (4s)
[unet_seed42_fold0] epoch  51/60 loss=0.1765 val_dice=0.8701 (4s)
[unet_seed42_fold0] epoch  52/60 loss=0.1630 val_dice=0.8716 (4s)
[unet_seed42_fold0] epoch  53/60 loss=0.1747 val_dice=0.8725 (4s)
[unet_seed42_fold0] epoch  54/60 loss=0.1683 val_dice=0.8717 (4s)
[unet_seed42_fold0] epoch  55/60 loss=0.1609 val_dice=0.8711 (4s)
[unet_seed42_fold0] epoch  56/60 loss=0.1687 val_dice=0.8725 (4s)
[unet_seed42_fold0] epoch  57/60 loss=0.1659 val_dice=0.8697 (4s)
[unet_seed42_fold0] epoch  58/60 loss=0.1672 val_dice=0.8716 (4s)
[unet_seed42_fold0] early stop at epoch 58 (best 0.8872 @ 43)
[unet_seed42_fold0] done. best val Dice 0.8872 @ epoch 43
== eval unet_seed42_fold0
[eval] cvc-clinicdb: 612 images
                dice     iou  boundary_f1
dataset                                  
cvc-clinicdb  0.8459  0.7668       0.5629
kvasir-seg    0.9031  0.8479       0.6778

Wrote polypseg/outputs/cv/perimage_unet_seed42_fold0.csv
== eval unet_seed42_fold0 (TTA)
[eval] cvc-clinicdb: 612 images
                dice     iou  boundary_f1
dataset                                  
cvc-clinicdb  0.8548  0.7790       0.5822
kvasir-seg    0.9077  0.8542       0.6893

Wrote polypseg/outputs/cv/perimage_unet_seed42_fold0_tta.csv
== train unet_seed42_fold1
[unet_seed42_fold1] device=cuda params=24.44M train=700 val=100 amp=True
[unet_seed42_fold1] epoch   1/60 loss=1.2358 val_dice=0.6011 (4s)
[unet_seed42_fold1] epoch   2/60 loss=0.9877 val_dice=0.7455 (4s)
[unet_seed42_fold1] epoch   3/60 loss=0.8912 val_dice=0.7997 (4s)
[unet_seed42_fold1] epoch   4/60 loss=0.8233 val_dice=0.8158 (4s)
[unet_seed42_fold1] epoch   5/60 loss=0.7482 val_dice=0.8405 (4s)
[unet_seed42_fold1] epoch   6/60 loss=0.6916 val_dice=0.8291 (4s)
[unet_seed42_fold1] epoch   7/60 loss=0.6428 val_dice=0.8510 (4s)
[unet_seed42_fold1] epoch   8/60 loss=0.6013 val_dice=0.8594 (4s)
[unet_seed42_fold1] epoch   9/60 loss=0.5579 val_dice=0.8645 (4s)
[unet_seed42_fold1] epoch  10/60 loss=0.5319 val_dice=0.8803 (4s)
[unet_seed42_fold1] epoch  11/60 loss=0.5012 val_dice=0.8755 (4s)
[unet_seed42_fold1] epoch  12/60 loss=0.4639 val_dice=0.8849 (4s)
[unet_seed42_fold1] epoch  13/60 loss=0.4452 val_dice=0.8621 (4s)
[unet_seed42_fold1] epoch  14/60 loss=0.4297 val_dice=0.8822 (4s)
[unet_seed42_fold1] epoch  15/60 loss=0.4013 val_dice=0.8737 (4s)
[unet_seed42_fold1] epoch  16/60 loss=0.3867 val_dice=0.8816 (4s)
[unet_seed42_fold1] epoch  17/60 loss=0.3710 val_dice=0.8836 (4s)
[unet_seed42_fold1] epoch  18/60 loss=0.3565 val_dice=0.8902 (4s)
[unet_seed42_fold1] epoch  19/60 loss=0.3366 val_dice=0.8890 (4s)
[unet_seed42_fold1] epoch  20/60 loss=0.3194 val_dice=0.8923 (4s)
[unet_seed42_fold1] epoch  21/60 loss=0.3186 val_dice=0.8903 (4s)
[unet_seed42_fold1] epoch  22/60 loss=0.3156 val_dice=0.8902 (4s)
[unet_seed42_fold1] epoch  23/60 loss=0.3021 val_dice=0.9021 (4s)
[unet_seed42_fold1] epoch  24/60 loss=0.2871 val_dice=0.8857 (4s)
[unet_seed42_fold1] epoch  25/60 loss=0.2916 val_dice=0.8956 (3s)
[unet_seed42_fold1] epoch  26/60 loss=0.2768 val_dice=0.8971 (4s)
[unet_seed42_fold1] epoch  27/60 loss=0.2630 val_dice=0.8927 (4s)
[unet_seed42_fold1] epoch  28/60 loss=0.2553 val_dice=0.8884 (4s)
[unet_seed42_fold1] epoch  29/60 loss=0.2549 val_dice=0.8997 (4s)
[unet_seed42_fold1] epoch  30/60 loss=0.2623 val_dice=0.8971 (4s)
[unet_seed42_fold1] epoch  31/60 loss=0.2455 val_dice=0.9077 (4s)
[unet_seed42_fold1] epoch  32/60 loss=0.2383 val_dice=0.9022 (4s)
[unet_seed42_fold1] epoch  33/60 loss=0.2386 val_dice=0.9110 (4s)
[unet_seed42_fold1] epoch  34/60 loss=0.2370 val_dice=0.9049 (4s)
[unet_seed42_fold1] epoch  35/60 loss=0.2275 val_dice=0.9009 (4s)
[unet_seed42_fold1] epoch  36/60 loss=0.2124 val_dice=0.9048 (4s)
[unet_seed42_fold1] epoch  37/60 loss=0.2144 val_dice=0.9057 (4s)
[unet_seed42_fold1] epoch  38/60 loss=0.2103 val_dice=0.9044 (4s)
[unet_seed42_fold1] epoch  39/60 loss=0.2212 val_dice=0.9013 (4s)
[unet_seed42_fold1] epoch  40/60 loss=0.2108 val_dice=0.9003 (4s)
[unet_seed42_fold1] epoch  41/60 loss=0.2041 val_dice=0.9037 (4s)
[unet_seed42_fold1] epoch  42/60 loss=0.2054 val_dice=0.9098 (4s)
[unet_seed42_fold1] epoch  43/60 loss=0.2011 val_dice=0.9077 (4s)
[unet_seed42_fold1] epoch  44/60 loss=0.1937 val_dice=0.9078 (4s)
[unet_seed42_fold1] epoch  45/60 loss=0.1900 val_dice=0.9101 (4s)
[unet_seed42_fold1] epoch  46/60 loss=0.1896 val_dice=0.9040 (4s)
[unet_seed42_fold1] epoch  47/60 loss=0.1876 val_dice=0.9036 (4s)
[unet_seed42_fold1] epoch  48/60 loss=0.1869 val_dice=0.9035 (4s)
[unet_seed42_fold1] early stop at epoch 48 (best 0.9110 @ 33)
[unet_seed42_fold1] done. best val Dice 0.9110 @ epoch 33
== eval unet_seed42_fold1
[eval] cvc-clinicdb: 612 images
                dice     iou  boundary_f1
dataset                                  
cvc-clinicdb  0.8277  0.7467       0.5434
kvasir-seg    0.8827  0.8249       0.6637

Wrote polypseg/outputs/cv/perimage_unet_seed42_fold1.csv
== eval unet_seed42_fold1 (TTA)
[eval] cvc-clinicdb: 612 images
                dice     iou  boundary_f1
dataset                                  
cvc-clinicdb  0.8480  0.7716       0.5697
kvasir-seg    0.8934  0.8392       0.6808

Wrote polypseg/outputs/cv/perimage_unet_seed42_fold1_tta.csv
== train unet_seed42_fold2
[unet_seed42_fold2] device=cuda params=24.44M train=700 val=100 amp=True
[unet_seed42_fold2] epoch   1/60 loss=1.2047 val_dice=0.6206 (5s)
[unet_seed42_fold2] epoch   2/60 loss=0.9747 val_dice=0.7564 (4s)
[unet_seed42_fold2] epoch   3/60 loss=0.8766 val_dice=0.7642 (4s)
[unet_seed42_fold2] epoch   4/60 loss=0.8168 val_dice=0.8166 (4s)
[unet_seed42_fold2] epoch   5/60 loss=0.7473 val_dice=0.8527 (4s)
[unet_seed42_fold2] epoch   6/60 loss=0.6938 val_dice=0.8502 (4s)
[unet_seed42_fold2] epoch   7/60 loss=0.6363 val_dice=0.8564 (4s)
[unet_seed42_fold2] epoch   8/60 loss=0.5844 val_dice=0.8727 (4s)
[unet_seed42_fold2] epoch   9/60 loss=0.5496 val_dice=0.8645 (4s)
[unet_seed42_fold2] epoch  10/60 loss=0.5083 val_dice=0.8677 (4s)
[unet_seed42_fold2] epoch  11/60 loss=0.4837 val_dice=0.8620 (4s)
[unet_seed42_fold2] epoch  12/60 loss=0.4572 val_dice=0.8773 (4s)
[unet_seed42_fold2] epoch  13/60 loss=0.4299 val_dice=0.8833 (4s)
[unet_seed42_fold2] epoch  14/60 loss=0.4006 val_dice=0.8754 (4s)
[unet_seed42_fold2] epoch  15/60 loss=0.3693 val_dice=0.8645 (4s)
[unet_seed42_fold2] epoch  16/60 loss=0.3523 val_dice=0.8820 (4s)
[unet_seed42_fold2] epoch  17/60 loss=0.3551 val_dice=0.8903 (4s)
[unet_seed42_fold2] epoch  18/60 loss=0.3485 val_dice=0.8855 (4s)
[unet_seed42_fold2] epoch  19/60 loss=0.3073 val_dice=0.8886 (4s)
[unet_seed42_fold2] epoch  20/60 loss=0.3127 val_dice=0.8400 (4s)
[unet_seed42_fold2] epoch  21/60 loss=0.2964 val_dice=0.8824 (4s)
[unet_seed42_fold2] epoch  22/60 loss=0.2801 val_dice=0.8837 (4s)
[unet_seed42_fold2] epoch  23/60 loss=0.2763 val_dice=0.8746 (4s)
[unet_seed42_fold2] epoch  24/60 loss=0.2622 val_dice=0.8898 (4s)
[unet_seed42_fold2] epoch  25/60 loss=0.2766 val_dice=0.8793 (4s)
[unet_seed42_fold2] epoch  26/60 loss=0.2534 val_dice=0.8761 (4s)
[unet_seed42_fold2] epoch  27/60 loss=0.2554 val_dice=0.8942 (4s)
[unet_seed42_fold2] epoch  28/60 loss=0.2481 val_dice=0.8889 (4s)
[unet_seed42_fold2] epoch  29/60 loss=0.2244 val_dice=0.8899 (4s)
[unet_seed42_fold2] epoch  30/60 loss=0.2261 val_dice=0.8923 (4s)
[unet_seed42_fold2] epoch  31/60 loss=0.2215 val_dice=0.8948 (4s)
[unet_seed42_fold2] epoch  32/60 loss=0.2352 val_dice=0.9009 (4s)
[unet_seed42_fold2] epoch  33/60 loss=0.2227 val_dice=0.9126 (4s)
[unet_seed42_fold2] epoch  34/60 loss=0.2156 val_dice=0.8952 (4s)
[unet_seed42_fold2] epoch  35/60 loss=0.2112 val_dice=0.8904 (4s)
[unet_seed42_fold2] epoch  36/60 loss=0.1998 val_dice=0.8904 (4s)
[unet_seed42_fold2] epoch  37/60 loss=0.1951 val_dice=0.9025 (4s)
[unet_seed42_fold2] epoch  38/60 loss=0.2044 val_dice=0.9079 (4s)
[unet_seed42_fold2] epoch  39/60 loss=0.1938 val_dice=0.8968 (4s)
[unet_seed42_fold2] epoch  40/60 loss=0.1853 val_dice=0.8891 (4s)
[unet_seed42_fold2] epoch  41/60 loss=0.1853 val_dice=0.8952 (4s)
[unet_seed42_fold2] epoch  42/60 loss=0.1855 val_dice=0.9064 (4s)
[unet_seed42_fold2] epoch  43/60 loss=0.1824 val_dice=0.9042 (4s)
[unet_seed42_fold2] epoch  44/60 loss=0.1756 val_dice=0.9045 (4s)
[unet_seed42_fold2] epoch  45/60 loss=0.1718 val_dice=0.8999 (3s)
[unet_seed42_fold2] epoch  46/60 loss=0.1675 val_dice=0.9030 (4s)
[unet_seed42_fold2] epoch  47/60 loss=0.1684 val_dice=0.9024 (4s)
[unet_seed42_fold2] epoch  48/60 loss=0.1627 val_dice=0.9050 (4s)
[unet_seed42_fold2] early stop at epoch 48 (best 0.9126 @ 33)
[unet_seed42_fold2] done. best val Dice 0.9126 @ epoch 33
== eval unet_seed42_fold2
[eval] cvc-clinicdb: 612 images
                dice     iou  boundary_f1
dataset                                  
cvc-clinicdb  0.8470  0.7693       0.5764
kvasir-seg    0.9068  0.8481       0.6703

Wrote polypseg/outputs/cv/perimage_unet_seed42_fold2.csv
== eval unet_seed42_fold2 (TTA)
[eval] cvc-clinicdb: 612 images
                dice     iou  boundary_f1
dataset                                  
cvc-clinicdb  0.8587  0.7853       0.6002
kvasir-seg    0.9071  0.8509       0.6784

Wrote polypseg/outputs/cv/perimage_unet_seed42_fold2_tta.csv
== train unet_seed42_fold3
[unet_seed42_fold3] device=cuda params=24.44M train=700 val=100 amp=True
[unet_seed42_fold3] epoch   1/60 loss=1.2253 val_dice=0.6298 (5s)
[unet_seed42_fold3] epoch   2/60 loss=0.9727 val_dice=0.7479 (4s)
[unet_seed42_fold3] epoch   3/60 loss=0.8737 val_dice=0.8107 (3s)
[unet_seed42_fold3] epoch   4/60 loss=0.8015 val_dice=0.8347 (4s)
[unet_seed42_fold3] epoch   5/60 loss=0.7381 val_dice=0.8241 (4s)
[unet_seed42_fold3] epoch   6/60 loss=0.6832 val_dice=0.8491 (4s)
[unet_seed42_fold3] epoch   7/60 loss=0.6250 val_dice=0.8595 (4s)
[unet_seed42_fold3] epoch   8/60 loss=0.5897 val_dice=0.8557 (4s)
[unet_seed42_fold3] epoch   9/60 loss=0.5397 val_dice=0.8648 (4s)
[unet_seed42_fold3] epoch  10/60 loss=0.5125 val_dice=0.8718 (4s)
[unet_seed42_fold3] epoch  11/60 loss=0.4815 val_dice=0.8675 (4s)
[unet_seed42_fold3] epoch  12/60 loss=0.4514 val_dice=0.8763 (4s)
[unet_seed42_fold3] epoch  13/60 loss=0.4260 val_dice=0.8750 (4s)
[unet_seed42_fold3] epoch  14/60 loss=0.4196 val_dice=0.8634 (4s)
[unet_seed42_fold3] epoch  15/60 loss=0.3793 val_dice=0.8724 (4s)
[unet_seed42_fold3] epoch  16/60 loss=0.3788 val_dice=0.8677 (4s)
[unet_seed42_fold3] epoch  17/60 loss=0.3591 val_dice=0.8749 (4s)
[unet_seed42_fold3] epoch  18/60 loss=0.3578 val_dice=0.8633 (4s)
[unet_seed42_fold3] epoch  19/60 loss=0.3299 val_dice=0.8831 (4s)
[unet_seed42_fold3] epoch  20/60 loss=0.3123 val_dice=0.8872 (4s)
[unet_seed42_fold3] epoch  21/60 loss=0.3182 val_dice=0.8850 (4s)
[unet_seed42_fold3] epoch  22/60 loss=0.2964 val_dice=0.8908 (4s)
[unet_seed42_fold3] epoch  23/60 loss=0.2866 val_dice=0.8731 (4s)
[unet_seed42_fold3] epoch  24/60 loss=0.2847 val_dice=0.8845 (4s)
[unet_seed42_fold3] epoch  25/60 loss=0.2612 val_dice=0.8834 (4s)
[unet_seed42_fold3] epoch  26/60 loss=0.2583 val_dice=0.8825 (4s)
[unet_seed42_fold3] epoch  27/60 loss=0.2526 val_dice=0.8876 (4s)
[unet_seed42_fold3] epoch  28/60 loss=0.2601 val_dice=0.8697 (4s)
[unet_seed42_fold3] epoch  29/60 loss=0.2488 val_dice=0.8810 (4s)
[unet_seed42_fold3] epoch  30/60 loss=0.2299 val_dice=0.8795 (4s)
[unet_seed42_fold3] epoch  31/60 loss=0.2302 val_dice=0.8890 (4s)
[unet_seed42_fold3] epoch  32/60 loss=0.2255 val_dice=0.8796 (4s)
[unet_seed42_fold3] epoch  33/60 loss=0.2233 val_dice=0.8811 (4s)
[unet_seed42_fold3] epoch  34/60 loss=0.2071 val_dice=0.8873 (4s)
[unet_seed42_fold3] epoch  35/60 loss=0.2106 val_dice=0.8855 (4s)
[unet_seed42_fold3] epoch  36/60 loss=0.2095 val_dice=0.8818 (4s)
[unet_seed42_fold3] epoch  37/60 loss=0.2152 val_dice=0.8867 (4s)
[unet_seed42_fold3] early stop at epoch 37 (best 0.8908 @ 22)
[unet_seed42_fold3] done. best val Dice 0.8908 @ epoch 22
== eval unet_seed42_fold3
[eval] cvc-clinicdb: 612 images
                dice     iou  boundary_f1
dataset                                  
cvc-clinicdb  0.8389  0.7568       0.5283
kvasir-seg    0.8854  0.8234       0.6454

Wrote polypseg/outputs/cv/perimage_unet_seed42_fold3.csv
== eval unet_seed42_fold3 (TTA)
[eval] cvc-clinicdb: 612 images
                dice     iou  boundary_f1
dataset                                  
cvc-clinicdb  0.8579  0.7798       0.5566
kvasir-seg    0.8960  0.8389       0.6776

Wrote polypseg/outputs/cv/perimage_unet_seed42_fold3_tta.csv
== train unet_seed42_fold4
[unet_seed42_fold4] device=cuda params=24.44M train=700 val=100 amp=True
[unet_seed42_fold4] epoch   1/60 loss=1.2202 val_dice=0.6823 (4s)
[unet_seed42_fold4] epoch   2/60 loss=0.9689 val_dice=0.7400 (4s)
[unet_seed42_fold4] epoch   3/60 loss=0.8873 val_dice=0.7993 (4s)
[unet_seed42_fold4] epoch   4/60 loss=0.8213 val_dice=0.8262 (4s)
[unet_seed42_fold4] epoch   5/60 loss=0.7563 val_dice=0.8276 (4s)
[unet_seed42_fold4] epoch   6/60 loss=0.6856 val_dice=0.8371 (4s)
[unet_seed42_fold4] epoch   7/60 loss=0.6315 val_dice=0.8525 (4s)
[unet_seed42_fold4] epoch   8/60 loss=0.5969 val_dice=0.8464 (4s)
[unet_seed42_fold4] epoch   9/60 loss=0.5503 val_dice=0.8654 (4s)
[unet_seed42_fold4] epoch  10/60 loss=0.5289 val_dice=0.8701 (4s)
[unet_seed42_fold4] epoch  11/60 loss=0.4943 val_dice=0.8672 (4s)
[unet_seed42_fold4] epoch  12/60 loss=0.4622 val_dice=0.8678 (4s)
[unet_seed42_fold4] epoch  13/60 loss=0.4450 val_dice=0.8883 (4s)
[unet_seed42_fold4] epoch  14/60 loss=0.4248 val_dice=0.8675 (4s)
[unet_seed42_fold4] epoch  15/60 loss=0.4019 val_dice=0.8843 (3s)
[unet_seed42_fold4] epoch  16/60 loss=0.3746 val_dice=0.8710 (4s)
[unet_seed42_fold4] epoch  17/60 loss=0.3599 val_dice=0.8798 (3s)
[unet_seed42_fold4] epoch  18/60 loss=0.3720 val_dice=0.8724 (4s)
[unet_seed42_fold4] epoch  19/60 loss=0.3450 val_dice=0.8754 (4s)
[unet_seed42_fold4] epoch  20/60 loss=0.3374 val_dice=0.8703 (4s)
[unet_seed42_fold4] epoch  21/60 loss=0.3312 val_dice=0.8681 (4s)
[unet_seed42_fold4] epoch  22/60 loss=0.2992 val_dice=0.8848 (4s)
[unet_seed42_fold4] epoch  23/60 loss=0.3055 val_dice=0.8802 (4s)
[unet_seed42_fold4] epoch  24/60 loss=0.3006 val_dice=0.8702 (4s)
[unet_seed42_fold4] epoch  25/60 loss=0.2770 val_dice=0.8884 (4s)
[unet_seed42_fold4] epoch  26/60 loss=0.2710 val_dice=0.8891 (4s)
[unet_seed42_fold4] epoch  27/60 loss=0.2590 val_dice=0.8720 (4s)
[unet_seed42_fold4] epoch  28/60 loss=0.2532 val_dice=0.8908 (4s)
[unet_seed42_fold4] epoch  29/60 loss=0.2425 val_dice=0.9016 (4s)
[unet_seed42_fold4] epoch  30/60 loss=0.2428 val_dice=0.8912 (4s)
[unet_seed42_fold4] epoch  31/60 loss=0.2522 val_dice=0.8929 (4s)
[unet_seed42_fold4] epoch  32/60 loss=0.2300 val_dice=0.8937 (4s)
[unet_seed42_fold4] epoch  33/60 loss=0.2180 val_dice=0.8915 (4s)
[unet_seed42_fold4] epoch  34/60 loss=0.2210 val_dice=0.8851 (3s)
[unet_seed42_fold4] epoch  35/60 loss=0.2249 val_dice=0.8912 (4s)
[unet_seed42_fold4] epoch  36/60 loss=0.2157 val_dice=0.8889 (4s)
[unet_seed42_fold4] epoch  37/60 loss=0.2124 val_dice=0.8860 (4s)
[unet_seed42_fold4] epoch  38/60 loss=0.2122 val_dice=0.9000 (4s)
[unet_seed42_fold4] epoch  39/60 loss=0.1985 val_dice=0.8984 (3s)
[unet_seed42_fold4] epoch  40/60 loss=0.1967 val_dice=0.8976 (3s)
[unet_seed42_fold4] epoch  41/60 loss=0.1997 val_dice=0.9017 (3s)
[unet_seed42_fold4] epoch  42/60 loss=0.1895 val_dice=0.9065 (3s)
[unet_seed42_fold4] epoch  43/60 loss=0.1905 val_dice=0.9048 (4s)
[unet_seed42_fold4] epoch  44/60 loss=0.1997 val_dice=0.9032 (4s)
[unet_seed42_fold4] epoch  45/60 loss=0.1870 val_dice=0.9002 (4s)
[unet_seed42_fold4] epoch  46/60 loss=0.1771 val_dice=0.8983 (4s)
[unet_seed42_fold4] epoch  47/60 loss=0.1808 val_dice=0.9024 (4s)
[unet_seed42_fold4] epoch  48/60 loss=0.1729 val_dice=0.9013 (3s)
[unet_seed42_fold4] epoch  49/60 loss=0.1826 val_dice=0.9014 (4s)
[unet_seed42_fold4] epoch  50/60 loss=0.1742 val_dice=0.9039 (4s)
[unet_seed42_fold4] epoch  51/60 loss=0.1747 val_dice=0.9078 (4s)
[unet_seed42_fold4] epoch  52/60 loss=0.1695 val_dice=0.9072 (4s)
[unet_seed42_fold4] epoch  53/60 loss=0.1681 val_dice=0.9059 (4s)
[unet_seed42_fold4] epoch  54/60 loss=0.1693 val_dice=0.9064 (4s)
[unet_seed42_fold4] epoch  55/60 loss=0.1707 val_dice=0.9056 (4s)
[unet_seed42_fold4] epoch  56/60 loss=0.1728 val_dice=0.9041 (4s)
[unet_seed42_fold4] epoch  57/60 loss=0.1656 val_dice=0.9055 (4s)
[unet_seed42_fold4] epoch  58/60 loss=0.1690 val_dice=0.9044 (3s)
[unet_seed42_fold4] epoch  59/60 loss=0.1753 val_dice=0.9062 (4s)
[unet_seed42_fold4] epoch  60/60 loss=0.1717 val_dice=0.9041 (4s)
[unet_seed42_fold4] done. best val Dice 0.9078 @ epoch 51
== eval unet_seed42_fold4
[eval] cvc-clinicdb: 612 images
                dice     iou  boundary_f1
dataset                                  
cvc-clinicdb  0.8602  0.7841       0.5635
kvasir-seg    0.9025  0.8409       0.6612

Wrote polypseg/outputs/cv/perimage_unet_seed42_fold4.csv
== eval unet_seed42_fold4 (TTA)
[eval] cvc-clinicdb: 612 images
                dice     iou  boundary_f1
dataset                                  
cvc-clinicdb  0.8661  0.7913       0.5728
kvasir-seg    0.9060  0.8458       0.6752

Wrote polypseg/outputs/cv/perimage_unet_seed42_fold4_tta.csv
== train unetpp_seed42_fold0
[unetpp_seed42_fold0] device=cuda params=26.08M train=700 val=100 amp=True
[unetpp_seed42_fold0] epoch   1/60 loss=0.9653 val_dice=0.7400 (7s)
[unetpp_seed42_fold0] epoch   2/60 loss=0.7166 val_dice=0.7425 (6s)
[unetpp_seed42_fold0] epoch   3/60 loss=0.6128 val_dice=0.7994 (6s)
[unetpp_seed42_fold0] epoch   4/60 loss=0.5308 val_dice=0.8255 (6s)
[unetpp_seed42_fold0] epoch   5/60 loss=0.4784 val_dice=0.8005 (6s)
[unetpp_seed42_fold0] epoch   6/60 loss=0.4525 val_dice=0.8208 (6s)
[unetpp_seed42_fold0] epoch   7/60 loss=0.3939 val_dice=0.8237 (6s)
[unetpp_seed42_fold0] epoch   8/60 loss=0.3751 val_dice=0.8373 (6s)
[unetpp_seed42_fold0] epoch   9/60 loss=0.3610 val_dice=0.8337 (6s)
[unetpp_seed42_fold0] epoch  10/60 loss=0.3532 val_dice=0.8383 (6s)
[unetpp_seed42_fold0] epoch  11/60 loss=0.3307 val_dice=0.8373 (6s)
[unetpp_seed42_fold0] epoch  12/60 loss=0.3090 val_dice=0.8188 (6s)
[unetpp_seed42_fold0] epoch  13/60 loss=0.3024 val_dice=0.8462 (6s)
[unetpp_seed42_fold0] epoch  14/60 loss=0.2907 val_dice=0.8253 (6s)
[unetpp_seed42_fold0] epoch  15/60 loss=0.2796 val_dice=0.8644 (6s)
[unetpp_seed42_fold0] epoch  16/60 loss=0.2839 val_dice=0.8552 (6s)
[unetpp_seed42_fold0] epoch  17/60 loss=0.2496 val_dice=0.8522 (6s)
[unetpp_seed42_fold0] epoch  18/60 loss=0.2533 val_dice=0.8438 (6s)
[unetpp_seed42_fold0] epoch  19/60 loss=0.2401 val_dice=0.8480 (6s)
[unetpp_seed42_fold0] epoch  20/60 loss=0.2445 val_dice=0.8630 (6s)
[unetpp_seed42_fold0] epoch  21/60 loss=0.2325 val_dice=0.8301 (6s)
[unetpp_seed42_fold0] epoch  22/60 loss=0.2230 val_dice=0.8384 (6s)
[unetpp_seed42_fold0] epoch  23/60 loss=0.2095 val_dice=0.8560 (6s)
[unetpp_seed42_fold0] epoch  24/60 loss=0.2346 val_dice=0.8670 (6s)
[unetpp_seed42_fold0] epoch  25/60 loss=0.2089 val_dice=0.8680 (6s)
[unetpp_seed42_fold0] epoch  26/60 loss=0.2044 val_dice=0.8637 (6s)
[unetpp_seed42_fold0] epoch  27/60 loss=0.1973 val_dice=0.8496 (6s)
[unetpp_seed42_fold0] epoch  28/60 loss=0.2028 val_dice=0.8665 (6s)
[unetpp_seed42_fold0] epoch  29/60 loss=0.1916 val_dice=0.8777 (6s)
[unetpp_seed42_fold0] epoch  30/60 loss=0.1787 val_dice=0.8656 (6s)
[unetpp_seed42_fold0] epoch  31/60 loss=0.1856 val_dice=0.8666 (6s)
[unetpp_seed42_fold0] epoch  32/60 loss=0.1875 val_dice=0.8634 (6s)
[unetpp_seed42_fold0] epoch  33/60 loss=0.1651 val_dice=0.8644 (6s)
[unetpp_seed42_fold0] epoch  34/60 loss=0.1782 val_dice=0.8757 (6s)
[unetpp_seed42_fold0] epoch  35/60 loss=0.1769 val_dice=0.8753 (6s)
[unetpp_seed42_fold0] epoch  36/60 loss=0.1709 val_dice=0.8710 (6s)
[unetpp_seed42_fold0] epoch  37/60 loss=0.1790 val_dice=0.8786 (6s)
[unetpp_seed42_fold0] epoch  38/60 loss=0.1559 val_dice=0.8808 (6s)
[unetpp_seed42_fold0] epoch  39/60 loss=0.1672 val_dice=0.8777 (6s)
[unetpp_seed42_fold0] epoch  40/60 loss=0.1548 val_dice=0.8752 (6s)
[unetpp_seed42_fold0] epoch  41/60 loss=0.1506 val_dice=0.8750 (6s)
[unetpp_seed42_fold0] epoch  42/60 loss=0.1642 val_dice=0.8800 (6s)
[unetpp_seed42_fold0] epoch  43/60 loss=0.1590 val_dice=0.8813 (6s)
[unetpp_seed42_fold0] epoch  44/60 loss=0.1560 val_dice=0.8854 (6s)
[unetpp_seed42_fold0] epoch  45/60 loss=0.1524 val_dice=0.8815 (6s)
[unetpp_seed42_fold0] epoch  46/60 loss=0.1488 val_dice=0.8846 (6s)
[unetpp_seed42_fold0] epoch  47/60 loss=0.1495 val_dice=0.8846 (6s)
[unetpp_seed42_fold0] epoch  48/60 loss=0.1466 val_dice=0.8844 (6s)
[unetpp_seed42_fold0] epoch  49/60 loss=0.1431 val_dice=0.8831 (6s)
[unetpp_seed42_fold0] epoch  50/60 loss=0.1396 val_dice=0.8836 (6s)
[unetpp_seed42_fold0] epoch  51/60 loss=0.1508 val_dice=0.8860 (6s)
[unetpp_seed42_fold0] epoch  52/60 loss=0.1429 val_dice=0.8815 (6s)
[unetpp_seed42_fold0] epoch  53/60 loss=0.1440 val_dice=0.8832 (6s)
[unetpp_seed42_fold0] epoch  54/60 loss=0.1442 val_dice=0.8838 (6s)
[unetpp_seed42_fold0] epoch  55/60 loss=0.1421 val_dice=0.8814 (6s)
[unetpp_seed42_fold0] epoch  56/60 loss=0.1442 val_dice=0.8826 (6s)
[unetpp_seed42_fold0] epoch  57/60 loss=0.1411 val_dice=0.8819 (6s)
[unetpp_seed42_fold0] epoch  58/60 loss=0.1348 val_dice=0.8835 (6s)
[unetpp_seed42_fold0] epoch  59/60 loss=0.1412 val_dice=0.8824 (6s)
[unetpp_seed42_fold0] epoch  60/60 loss=0.1362 val_dice=0.8828 (6s)
[unetpp_seed42_fold0] done. best val Dice 0.8860 @ epoch 51
== eval unetpp_seed42_fold0
[eval] cvc-clinicdb: 612 images
                dice     iou  boundary_f1
dataset                                  
cvc-clinicdb  0.8472  0.7721       0.5728
kvasir-seg    0.9146  0.8640       0.6935

Wrote polypseg/outputs/cv/perimage_unetpp_seed42_fold0.csv
== eval unetpp_seed42_fold0 (TTA)
[eval] cvc-clinicdb: 612 images
                dice     iou  boundary_f1
dataset                                  
cvc-clinicdb  0.8539  0.7802       0.5839
kvasir-seg    0.9122  0.8605       0.7042

Wrote polypseg/outputs/cv/perimage_unetpp_seed42_fold0_tta.csv
== train unetpp_seed42_fold1
[unetpp_seed42_fold1] device=cuda params=26.08M train=700 val=100 amp=True
[unetpp_seed42_fold1] epoch   1/60 loss=0.9930 val_dice=0.7787 (7s)
[unetpp_seed42_fold1] epoch   2/60 loss=0.7301 val_dice=0.7847 (6s)
[unetpp_seed42_fold1] epoch   3/60 loss=0.6194 val_dice=0.8464 (6s)
[unetpp_seed42_fold1] epoch   4/60 loss=0.5461 val_dice=0.8329 (6s)
[unetpp_seed42_fold1] epoch   5/60 loss=0.4785 val_dice=0.8523 (6s)
[unetpp_seed42_fold1] epoch   6/60 loss=0.4350 val_dice=0.8564 (6s)
[unetpp_seed42_fold1] epoch   7/60 loss=0.4131 val_dice=0.8579 (6s)
[unetpp_seed42_fold1] epoch   8/60 loss=0.3902 val_dice=0.8605 (6s)
[unetpp_seed42_fold1] epoch   9/60 loss=0.3719 val_dice=0.8865 (6s)
[unetpp_seed42_fold1] epoch  10/60 loss=0.3365 val_dice=0.8801 (6s)
[unetpp_seed42_fold1] epoch  11/60 loss=0.3304 val_dice=0.8819 (6s)
[unetpp_seed42_fold1] epoch  12/60 loss=0.3099 val_dice=0.8798 (6s)
[unetpp_seed42_fold1] epoch  13/60 loss=0.3036 val_dice=0.8785 (6s)
[unetpp_seed42_fold1] epoch  14/60 loss=0.2843 val_dice=0.8961 (6s)
[unetpp_seed42_fold1] epoch  15/60 loss=0.2820 val_dice=0.8976 (6s)
[unetpp_seed42_fold1] epoch  16/60 loss=0.2648 val_dice=0.8902 (6s)
[unetpp_seed42_fold1] epoch  17/60 loss=0.2631 val_dice=0.8956 (6s)
[unetpp_seed42_fold1] epoch  18/60 loss=0.2609 val_dice=0.8941 (6s)
[unetpp_seed42_fold1] epoch  19/60 loss=0.2599 val_dice=0.8957 (6s)
[unetpp_seed42_fold1] epoch  20/60 loss=0.2333 val_dice=0.8897 (6s)
[unetpp_seed42_fold1] epoch  21/60 loss=0.2336 val_dice=0.9044 (6s)
[unetpp_seed42_fold1] epoch  22/60 loss=0.2361 val_dice=0.8964 (6s)
[unetpp_seed42_fold1] epoch  23/60 loss=0.2474 val_dice=0.8831 (6s)
[unetpp_seed42_fold1] epoch  24/60 loss=0.2229 val_dice=0.8861 (6s)
[unetpp_seed42_fold1] epoch  25/60 loss=0.2198 val_dice=0.8859 (6s)
[unetpp_seed42_fold1] epoch  26/60 loss=0.2162 val_dice=0.8895 (6s)
[unetpp_seed42_fold1] epoch  27/60 loss=0.2101 val_dice=0.8973 (6s)
[unetpp_seed42_fold1] epoch  28/60 loss=0.2070 val_dice=0.9125 (6s)
[unetpp_seed42_fold1] epoch  29/60 loss=0.2119 val_dice=0.9084 (6s)
[unetpp_seed42_fold1] epoch  30/60 loss=0.1979 val_dice=0.9032 (6s)
[unetpp_seed42_fold1] epoch  31/60 loss=0.2000 val_dice=0.8984 (6s)
[unetpp_seed42_fold1] epoch  32/60 loss=0.1968 val_dice=0.9092 (6s)
[unetpp_seed42_fold1] epoch  33/60 loss=0.1751 val_dice=0.9033 (6s)
[unetpp_seed42_fold1] epoch  34/60 loss=0.1696 val_dice=0.8997 (6s)
[unetpp_seed42_fold1] epoch  35/60 loss=0.1934 val_dice=0.9045 (6s)
[unetpp_seed42_fold1] epoch  36/60 loss=0.1680 val_dice=0.9062 (6s)
[unetpp_seed42_fold1] epoch  37/60 loss=0.1798 val_dice=0.9041 (6s)
[unetpp_seed42_fold1] epoch  38/60 loss=0.1707 val_dice=0.9053 (6s)
[unetpp_seed42_fold1] epoch  39/60 loss=0.1808 val_dice=0.8997 (6s)
[unetpp_seed42_fold1] epoch  40/60 loss=0.1687 val_dice=0.8975 (6s)
[unetpp_seed42_fold1] epoch  41/60 loss=0.1628 val_dice=0.8994 (6s)
[unetpp_seed42_fold1] epoch  42/60 loss=0.1705 val_dice=0.8961 (6s)
[unetpp_seed42_fold1] epoch  43/60 loss=0.1601 val_dice=0.9011 (6s)
[unetpp_seed42_fold1] early stop at epoch 43 (best 0.9125 @ 28)
[unetpp_seed42_fold1] done. best val Dice 0.9125 @ epoch 28
== eval unetpp_seed42_fold1
[eval] cvc-clinicdb: 612 images
                dice     iou  boundary_f1
dataset                                  
cvc-clinicdb  0.8399  0.7613       0.5522
kvasir-seg    0.8935  0.8360       0.6717

Wrote polypseg/outputs/cv/perimage_unetpp_seed42_fold1.csv
== eval unetpp_seed42_fold1 (TTA)
[eval] cvc-clinicdb: 612 images
                dice     iou  boundary_f1
dataset                                  
cvc-clinicdb  0.8663  0.7935       0.5989
kvasir-seg    0.9000  0.8455       0.6927

Wrote polypseg/outputs/cv/perimage_unetpp_seed42_fold1_tta.csv
== train unetpp_seed42_fold2
[unetpp_seed42_fold2] device=cuda params=26.08M train=700 val=100 amp=True
[unetpp_seed42_fold2] epoch   1/60 loss=0.9864 val_dice=0.7616 (7s)
[unetpp_seed42_fold2] epoch   2/60 loss=0.7408 val_dice=0.8337 (6s)
[unetpp_seed42_fold2] epoch   3/60 loss=0.6183 val_dice=0.7989 (6s)
[unetpp_seed42_fold2] epoch   4/60 loss=0.5636 val_dice=0.8510 (6s)
[unetpp_seed42_fold2] epoch   5/60 loss=0.5009 val_dice=0.8497 (6s)
[unetpp_seed42_fold2] epoch   6/60 loss=0.4677 val_dice=0.8734 (6s)
[unetpp_seed42_fold2] epoch   7/60 loss=0.4201 val_dice=0.8748 (6s)
[unetpp_seed42_fold2] epoch   8/60 loss=0.4031 val_dice=0.8748 (6s)
[unetpp_seed42_fold2] epoch   9/60 loss=0.3697 val_dice=0.8890 (6s)
[unetpp_seed42_fold2] epoch  10/60 loss=0.3715 val_dice=0.8682 (6s)
[unetpp_seed42_fold2] epoch  11/60 loss=0.3468 val_dice=0.8791 (6s)
[unetpp_seed42_fold2] epoch  12/60 loss=0.3516 val_dice=0.8392 (6s)
[unetpp_seed42_fold2] epoch  13/60 loss=0.3485 val_dice=0.8902 (6s)
[unetpp_seed42_fold2] epoch  14/60 loss=0.3005 val_dice=0.8860 (6s)
[unetpp_seed42_fold2] epoch  15/60 loss=0.3009 val_dice=0.8826 (6s)
[unetpp_seed42_fold2] epoch  16/60 loss=0.2832 val_dice=0.8920 (6s)
[unetpp_seed42_fold2] epoch  17/60 loss=0.2907 val_dice=0.8855 (6s)
[unetpp_seed42_fold2] epoch  18/60 loss=0.2846 val_dice=0.8960 (6s)
[unetpp_seed42_fold2] epoch  19/60 loss=0.2667 val_dice=0.8778 (6s)
[unetpp_seed42_fold2] epoch  20/60 loss=0.2445 val_dice=0.8766 (6s)
[unetpp_seed42_fold2] epoch  21/60 loss=0.2548 val_dice=0.8901 (6s)
[unetpp_seed42_fold2] epoch  22/60 loss=0.2465 val_dice=0.8910 (6s)
[unetpp_seed42_fold2] epoch  23/60 loss=0.2504 val_dice=0.8850 (6s)
[unetpp_seed42_fold2] epoch  24/60 loss=0.2436 val_dice=0.8733 (6s)
[unetpp_seed42_fold2] epoch  25/60 loss=0.2560 val_dice=0.8794 (6s)
[unetpp_seed42_fold2] epoch  26/60 loss=0.2186 val_dice=0.8962 (6s)
[unetpp_seed42_fold2] epoch  27/60 loss=0.2338 val_dice=0.8963 (6s)
[unetpp_seed42_fold2] epoch  28/60 loss=0.2197 val_dice=0.8967 (6s)
[unetpp_seed42_fold2] epoch  29/60 loss=0.2096 val_dice=0.8922 (6s)
[unetpp_seed42_fold2] epoch  30/60 loss=0.2058 val_dice=0.8973 (6s)
[unetpp_seed42_fold2] epoch  31/60 loss=0.2136 val_dice=0.9023 (6s)
[unetpp_seed42_fold2] epoch  32/60 loss=0.2115 val_dice=0.9029 (6s)
[unetpp_seed42_fold2] epoch  33/60 loss=0.2164 val_dice=0.9039 (6s)
[unetpp_seed42_fold2] epoch  34/60 loss=0.2017 val_dice=0.8996 (6s)
[unetpp_seed42_fold2] epoch  35/60 loss=0.1955 val_dice=0.9008 (6s)
[unetpp_seed42_fold2] epoch  36/60 loss=0.1938 val_dice=0.9071 (6s)
[unetpp_seed42_fold2] epoch  37/60 loss=0.1852 val_dice=0.9018 (6s)
[unetpp_seed42_fold2] epoch  38/60 loss=0.1944 val_dice=0.8945 (6s)
[unetpp_seed42_fold2] epoch  39/60 loss=0.1878 val_dice=0.8981 (6s)
[unetpp_seed42_fold2] epoch  40/60 loss=0.1857 val_dice=0.8970 (6s)
[unetpp_seed42_fold2] epoch  41/60 loss=0.1779 val_dice=0.8977 (6s)
[unetpp_seed42_fold2] epoch  42/60 loss=0.1842 val_dice=0.8971 (6s)
[unetpp_seed42_fold2] epoch  43/60 loss=0.1793 val_dice=0.8924 (6s)
[unetpp_seed42_fold2] epoch  44/60 loss=0.1828 val_dice=0.8930 (6s)
[unetpp_seed42_fold2] epoch  45/60 loss=0.1659 val_dice=0.8933 (6s)
[unetpp_seed42_fold2] epoch  46/60 loss=0.1797 val_dice=0.8931 (6s)
[unetpp_seed42_fold2] epoch  47/60 loss=0.1720 val_dice=0.8985 (6s)
[unetpp_seed42_fold2] epoch  48/60 loss=0.1683 val_dice=0.8969 (6s)
[unetpp_seed42_fold2] epoch  49/60 loss=0.1694 val_dice=0.8980 (6s)
[unetpp_seed42_fold2] epoch  50/60 loss=0.1562 val_dice=0.8973 (6s)
[unetpp_seed42_fold2] epoch  51/60 loss=0.1721 val_dice=0.8985 (6s)
[unetpp_seed42_fold2] early stop at epoch 51 (best 0.9071 @ 36)
[unetpp_seed42_fold2] done. best val Dice 0.9071 @ epoch 36
== eval unetpp_seed42_fold2
[eval] cvc-clinicdb: 612 images
                dice     iou  boundary_f1
dataset                                  
cvc-clinicdb  0.8479  0.7743       0.5885
kvasir-seg    0.9035  0.8474       0.6797

Wrote polypseg/outputs/cv/perimage_unetpp_seed42_fold2.csv
== eval unetpp_seed42_fold2 (TTA)
[eval] cvc-clinicdb: 612 images
                dice     iou  boundary_f1
dataset                                  
cvc-clinicdb  0.8608  0.7901       0.6119
kvasir-seg    0.9105  0.8568       0.6941

Wrote polypseg/outputs/cv/perimage_unetpp_seed42_fold2_tta.csv
== train unetpp_seed42_fold3
[unetpp_seed42_fold3] device=cuda params=26.08M train=700 val=100 amp=True
[unetpp_seed42_fold3] epoch   1/60 loss=0.9954 val_dice=0.7808 (7s)
[unetpp_seed42_fold3] epoch   2/60 loss=0.7358 val_dice=0.8215 (6s)
[unetpp_seed42_fold3] epoch   3/60 loss=0.6092 val_dice=0.8478 (6s)
[unetpp_seed42_fold3] epoch   4/60 loss=0.5320 val_dice=0.8585 (6s)
[unetpp_seed42_fold3] epoch   5/60 loss=0.4975 val_dice=0.8287 (6s)
[unetpp_seed42_fold3] epoch   6/60 loss=0.4363 val_dice=0.8616 (6s)
[unetpp_seed42_fold3] epoch   7/60 loss=0.4035 val_dice=0.8466 (6s)
[unetpp_seed42_fold3] epoch   8/60 loss=0.3760 val_dice=0.8612 (6s)
[unetpp_seed42_fold3] epoch   9/60 loss=0.3426 val_dice=0.8681 (6s)
[unetpp_seed42_fold3] epoch  10/60 loss=0.3395 val_dice=0.8653 (6s)
[unetpp_seed42_fold3] epoch  11/60 loss=0.3159 val_dice=0.8643 (6s)
[unetpp_seed42_fold3] epoch  12/60 loss=0.3059 val_dice=0.8798 (6s)
[unetpp_seed42_fold3] epoch  13/60 loss=0.2920 val_dice=0.8704 (6s)
[unetpp_seed42_fold3] epoch  14/60 loss=0.2966 val_dice=0.8802 (6s)
[unetpp_seed42_fold3] epoch  15/60 loss=0.2836 val_dice=0.8547 (6s)
[unetpp_seed42_fold3] epoch  16/60 loss=0.2821 val_dice=0.8899 (6s)
[unetpp_seed42_fold3] epoch  17/60 loss=0.2750 val_dice=0.8773 (6s)
[unetpp_seed42_fold3] epoch  18/60 loss=0.2604 val_dice=0.8745 (6s)
[unetpp_seed42_fold3] epoch  19/60 loss=0.2460 val_dice=0.8744 (6s)
[unetpp_seed42_fold3] epoch  20/60 loss=0.2466 val_dice=0.8898 (6s)
[unetpp_seed42_fold3] epoch  21/60 loss=0.2363 val_dice=0.8905 (6s)
[unetpp_seed42_fold3] epoch  22/60 loss=0.2479 val_dice=0.8844 (6s)
[unetpp_seed42_fold3] epoch  23/60 loss=0.2331 val_dice=0.8832 (6s)
[unetpp_seed42_fold3] epoch  24/60 loss=0.2329 val_dice=0.8778 (6s)
[unetpp_seed42_fold3] epoch  25/60 loss=0.2160 val_dice=0.8867 (6s)
[unetpp_seed42_fold3] epoch  26/60 loss=0.2082 val_dice=0.8945 (6s)
[unetpp_seed42_fold3] epoch  27/60 loss=0.2030 val_dice=0.8975 (6s)
[unetpp_seed42_fold3] epoch  28/60 loss=0.2044 val_dice=0.8855 (6s)
[unetpp_seed42_fold3] epoch  29/60 loss=0.2084 val_dice=0.8787 (6s)
[unetpp_seed42_fold3] epoch  30/60 loss=0.2059 val_dice=0.8946 (6s)
[unetpp_seed42_fold3] epoch  31/60 loss=0.1850 val_dice=0.8963 (6s)
[unetpp_seed42_fold3] epoch  32/60 loss=0.1898 val_dice=0.8980 (6s)
[unetpp_seed42_fold3] epoch  33/60 loss=0.1881 val_dice=0.8893 (6s)
[unetpp_seed42_fold3] epoch  34/60 loss=0.1849 val_dice=0.9002 (6s)
[unetpp_seed42_fold3] epoch  35/60 loss=0.1742 val_dice=0.8936 (6s)
[unetpp_seed42_fold3] epoch  36/60 loss=0.1834 val_dice=0.8895 (6s)
[unetpp_seed42_fold3] epoch  37/60 loss=0.1701 val_dice=0.8923 (6s)
[unetpp_seed42_fold3] epoch  38/60 loss=0.1758 val_dice=0.8969 (6s)
[unetpp_seed42_fold3] epoch  39/60 loss=0.1731 val_dice=0.9011 (6s)
[unetpp_seed42_fold3] epoch  40/60 loss=0.1688 val_dice=0.8972 (6s)
[unetpp_seed42_fold3] epoch  41/60 loss=0.1567 val_dice=0.8979 (6s)
[unetpp_seed42_fold3] epoch  42/60 loss=0.1500 val_dice=0.8974 (6s)
[unetpp_seed42_fold3] epoch  43/60 loss=0.1629 val_dice=0.8969 (6s)
[unetpp_seed42_fold3] epoch  44/60 loss=0.1612 val_dice=0.9010 (6s)
[unetpp_seed42_fold3] epoch  45/60 loss=0.1491 val_dice=0.9007 (6s)
[unetpp_seed42_fold3] epoch  46/60 loss=0.1473 val_dice=0.9035 (6s)
[unetpp_seed42_fold3] epoch  47/60 loss=0.1492 val_dice=0.8999 (6s)
[unetpp_seed42_fold3] epoch  48/60 loss=0.1556 val_dice=0.8990 (6s)
[unetpp_seed42_fold3] epoch  49/60 loss=0.1508 val_dice=0.8987 (6s)
[unetpp_seed42_fold3] epoch  50/60 loss=0.1491 val_dice=0.8978 (6s)
[unetpp_seed42_fold3] epoch  51/60 loss=0.1437 val_dice=0.9006 (6s)
[unetpp_seed42_fold3] epoch  52/60 loss=0.1402 val_dice=0.9003 (6s)
[unetpp_seed42_fold3] epoch  53/60 loss=0.1373 val_dice=0.8991 (6s)
[unetpp_seed42_fold3] epoch  54/60 loss=0.1438 val_dice=0.8987 (6s)
[unetpp_seed42_fold3] epoch  55/60 loss=0.1446 val_dice=0.8997 (6s)
[unetpp_seed42_fold3] epoch  56/60 loss=0.1432 val_dice=0.9022 (6s)
[unetpp_seed42_fold3] epoch  57/60 loss=0.1424 val_dice=0.8990 (6s)
[unetpp_seed42_fold3] epoch  58/60 loss=0.1451 val_dice=0.9014 (6s)
[unetpp_seed42_fold3] epoch  59/60 loss=0.1405 val_dice=0.9002 (6s)
[unetpp_seed42_fold3] epoch  60/60 loss=0.1328 val_dice=0.9011 (6s)
[unetpp_seed42_fold3] done. best val Dice 0.9035 @ epoch 46
== eval unetpp_seed42_fold3
[eval] cvc-clinicdb: 612 images
                dice     iou  boundary_f1
dataset                                  
cvc-clinicdb  0.8563  0.7812       0.5744
kvasir-seg    0.9015  0.8445       0.6889

Wrote polypseg/outputs/cv/perimage_unetpp_seed42_fold3.csv
== eval unetpp_seed42_fold3 (TTA)
[eval] cvc-clinicdb: 612 images
                dice     iou  boundary_f1
dataset                                  
cvc-clinicdb  0.8598  0.7873       0.5873
kvasir-seg    0.9115  0.8584       0.7127

Wrote polypseg/outputs/cv/perimage_unetpp_seed42_fold3_tta.csv
== train unetpp_seed42_fold4
[unetpp_seed42_fold4] device=cuda params=26.08M train=700 val=100 amp=True
[unetpp_seed42_fold4] epoch   1/60 loss=0.9789 val_dice=0.7817 (7s)
[unetpp_seed42_fold4] epoch   2/60 loss=0.7324 val_dice=0.8045 (6s)
[unetpp_seed42_fold4] epoch   3/60 loss=0.6052 val_dice=0.8397 (6s)
[unetpp_seed42_fold4] epoch   4/60 loss=0.5258 val_dice=0.8560 (6s)
[unetpp_seed42_fold4] epoch   5/60 loss=0.4710 val_dice=0.8476 (6s)
[unetpp_seed42_fold4] epoch   6/60 loss=0.4243 val_dice=0.8471 (6s)
[unetpp_seed42_fold4] epoch   7/60 loss=0.4115 val_dice=0.8406 (6s)
[unetpp_seed42_fold4] epoch   8/60 loss=0.3597 val_dice=0.8681 (6s)
[unetpp_seed42_fold4] epoch   9/60 loss=0.3505 val_dice=0.8666 (6s)
[unetpp_seed42_fold4] epoch  10/60 loss=0.3458 val_dice=0.8777 (6s)
[unetpp_seed42_fold4] epoch  11/60 loss=0.3140 val_dice=0.8751 (6s)
[unetpp_seed42_fold4] epoch  12/60 loss=0.3140 val_dice=0.8890 (6s)
[unetpp_seed42_fold4] epoch  13/60 loss=0.2918 val_dice=0.8824 (6s)
[unetpp_seed42_fold4] epoch  14/60 loss=0.2905 val_dice=0.8873 (6s)
[unetpp_seed42_fold4] epoch  15/60 loss=0.2642 val_dice=0.8733 (6s)
[unetpp_seed42_fold4] epoch  16/60 loss=0.2660 val_dice=0.8890 (6s)
[unetpp_seed42_fold4] epoch  17/60 loss=0.2396 val_dice=0.8837 (6s)
[unetpp_seed42_fold4] epoch  18/60 loss=0.2394 val_dice=0.8610 (6s)
[unetpp_seed42_fold4] epoch  19/60 loss=0.2556 val_dice=0.8818 (6s)
[unetpp_seed42_fold4] epoch  20/60 loss=0.2308 val_dice=0.9029 (6s)
[unetpp_seed42_fold4] epoch  21/60 loss=0.2254 val_dice=0.8861 (6s)
[unetpp_seed42_fold4] epoch  22/60 loss=0.2232 val_dice=0.8984 (6s)
[unetpp_seed42_fold4] epoch  23/60 loss=0.2220 val_dice=0.8912 (6s)
[unetpp_seed42_fold4] epoch  24/60 loss=0.2100 val_dice=0.8944 (6s)
[unetpp_seed42_fold4] epoch  25/60 loss=0.2091 val_dice=0.8928 (6s)
[unetpp_seed42_fold4] epoch  26/60 loss=0.2241 val_dice=0.9019 (6s)
[unetpp_seed42_fold4] epoch  27/60 loss=0.2032 val_dice=0.8936 (6s)
[unetpp_seed42_fold4] epoch  28/60 loss=0.1934 val_dice=0.8912 (6s)
[unetpp_seed42_fold4] epoch  29/60 loss=0.2038 val_dice=0.8998 (6s)
[unetpp_seed42_fold4] epoch  30/60 loss=0.1968 val_dice=0.8944 (6s)
[unetpp_seed42_fold4] epoch  31/60 loss=0.1906 val_dice=0.9028 (6s)
[unetpp_seed42_fold4] epoch  32/60 loss=0.1789 val_dice=0.8978 (6s)
[unetpp_seed42_fold4] epoch  33/60 loss=0.1693 val_dice=0.9001 (6s)
[unetpp_seed42_fold4] epoch  34/60 loss=0.1738 val_dice=0.9039 (6s)
[unetpp_seed42_fold4] epoch  35/60 loss=0.1765 val_dice=0.9003 (6s)
[unetpp_seed42_fold4] epoch  36/60 loss=0.1755 val_dice=0.9058 (6s)
[unetpp_seed42_fold4] epoch  37/60 loss=0.1633 val_dice=0.9061 (6s)
[unetpp_seed42_fold4] epoch  38/60 loss=0.1594 val_dice=0.9049 (6s)
[unetpp_seed42_fold4] epoch  39/60 loss=0.1624 val_dice=0.9074 (7s)
[unetpp_seed42_fold4] epoch  40/60 loss=0.1691 val_dice=0.9036 (6s)
[unetpp_seed42_fold4] epoch  41/60 loss=0.1639 val_dice=0.9024 (6s)
[unetpp_seed42_fold4] epoch  42/60 loss=0.1579 val_dice=0.9086 (6s)
[unetpp_seed42_fold4] epoch  43/60 loss=0.1547 val_dice=0.9080 (6s)
[unetpp_seed42_fold4] epoch  44/60 loss=0.1532 val_dice=0.9066 (6s)
[unetpp_seed42_fold4] epoch  45/60 loss=0.1502 val_dice=0.9061 (6s)
[unetpp_seed42_fold4] epoch  46/60 loss=0.1479 val_dice=0.9044 (6s)
[unetpp_seed42_fold4] epoch  47/60 loss=0.1527 val_dice=0.9060 (7s)
[unetpp_seed42_fold4] epoch  48/60 loss=0.1473 val_dice=0.9043 (6s)
[unetpp_seed42_fold4] epoch  49/60 loss=0.1434 val_dice=0.9057 (6s)
[unetpp_seed42_fold4] epoch  50/60 loss=0.1475 val_dice=0.9076 (6s)
[unetpp_seed42_fold4] epoch  51/60 loss=0.1446 val_dice=0.9058 (6s)
[unetpp_seed42_fold4] epoch  52/60 loss=0.1386 val_dice=0.9071 (6s)
[unetpp_seed42_fold4] epoch  53/60 loss=0.1456 val_dice=0.9080 (6s)
[unetpp_seed42_fold4] epoch  54/60 loss=0.1515 val_dice=0.9074 (6s)
[unetpp_seed42_fold4] epoch  55/60 loss=0.1433 val_dice=0.9080 (6s)
[unetpp_seed42_fold4] epoch  56/60 loss=0.1459 val_dice=0.9076 (6s)
[unetpp_seed42_fold4] epoch  57/60 loss=0.1330 val_dice=0.9080 (6s)
[unetpp_seed42_fold4] early stop at epoch 57 (best 0.9086 @ 42)
[unetpp_seed42_fold4] done. best val Dice 0.9086 @ epoch 42
== eval unetpp_seed42_fold4
[eval] cvc-clinicdb: 612 images
                dice     iou  boundary_f1
dataset                                  
cvc-clinicdb  0.8466  0.7687       0.5537
kvasir-seg    0.8984  0.8408       0.6771

Wrote polypseg/outputs/cv/perimage_unetpp_seed42_fold4.csv
== eval unetpp_seed42_fold4 (TTA)
[eval] cvc-clinicdb: 612 images
                dice     iou  boundary_f1
dataset                                  
cvc-clinicdb  0.8602  0.7860       0.5758
kvasir-seg    0.9000  0.8443       0.6871

Wrote polypseg/outputs/cv/perimage_unetpp_seed42_fold4_tta.csv
== train segformer_seed42_fold0
Warning: You are sending unauthenticated requests to the HF Hub. Please set a HF_TOKEN to enable higher rate limits and faster downloads.
[segformer_seed42_fold0] device=cuda params=3.71M train=700 val=100 amp=True
[segformer_seed42_fold0] epoch   1/60 loss=1.0512 val_dice=0.6242 (12s)
[segformer_seed42_fold0] epoch   2/60 loss=0.6878 val_dice=0.7639 (4s)
[segformer_seed42_fold0] epoch   3/60 loss=0.5732 val_dice=0.7639 (4s)
[segformer_seed42_fold0] epoch   4/60 loss=0.5302 val_dice=0.7901 (4s)
[segformer_seed42_fold0] epoch   5/60 loss=0.4838 val_dice=0.7925 (4s)
[segformer_seed42_fold0] epoch   6/60 loss=0.4657 val_dice=0.8061 (4s)
[segformer_seed42_fold0] epoch   7/60 loss=0.4278 val_dice=0.7968 (4s)
[segformer_seed42_fold0] epoch   8/60 loss=0.4172 val_dice=0.8210 (5s)
[segformer_seed42_fold0] epoch   9/60 loss=0.3835 val_dice=0.8264 (4s)
[segformer_seed42_fold0] epoch  10/60 loss=0.3886 val_dice=0.8237 (4s)
[segformer_seed42_fold0] epoch  11/60 loss=0.3690 val_dice=0.8421 (4s)
[segformer_seed42_fold0] epoch  12/60 loss=0.3461 val_dice=0.8396 (4s)
[segformer_seed42_fold0] epoch  13/60 loss=0.3371 val_dice=0.8471 (3s)
[segformer_seed42_fold0] epoch  14/60 loss=0.3274 val_dice=0.8308 (4s)
[segformer_seed42_fold0] epoch  15/60 loss=0.3240 val_dice=0.8419 (4s)
[segformer_seed42_fold0] epoch  16/60 loss=0.3010 val_dice=0.8467 (3s)
[segformer_seed42_fold0] epoch  17/60 loss=0.3167 val_dice=0.8488 (4s)
[segformer_seed42_fold0] epoch  18/60 loss=0.2950 val_dice=0.8339 (4s)
[segformer_seed42_fold0] epoch  19/60 loss=0.2837 val_dice=0.8487 (4s)
[segformer_seed42_fold0] epoch  20/60 loss=0.2753 val_dice=0.8445 (4s)
[segformer_seed42_fold0] epoch  21/60 loss=0.2773 val_dice=0.8372 (4s)
[segformer_seed42_fold0] epoch  22/60 loss=0.2611 val_dice=0.8497 (3s)
[segformer_seed42_fold0] epoch  23/60 loss=0.2641 val_dice=0.8549 (4s)
[segformer_seed42_fold0] epoch  24/60 loss=0.2629 val_dice=0.8503 (4s)
[segformer_seed42_fold0] epoch  25/60 loss=0.2503 val_dice=0.8514 (4s)
[segformer_seed42_fold0] epoch  26/60 loss=0.2467 val_dice=0.8482 (4s)
[segformer_seed42_fold0] epoch  27/60 loss=0.2407 val_dice=0.8490 (4s)
[segformer_seed42_fold0] epoch  28/60 loss=0.2341 val_dice=0.8513 (4s)
[segformer_seed42_fold0] epoch  29/60 loss=0.2425 val_dice=0.8411 (4s)
[segformer_seed42_fold0] epoch  30/60 loss=0.2304 val_dice=0.8473 (4s)
[segformer_seed42_fold0] epoch  31/60 loss=0.2330 val_dice=0.8370 (4s)
[segformer_seed42_fold0] epoch  32/60 loss=0.2283 val_dice=0.8542 (4s)
[segformer_seed42_fold0] epoch  33/60 loss=0.2262 val_dice=0.8455 (4s)
[segformer_seed42_fold0] epoch  34/60 loss=0.2230 val_dice=0.8529 (3s)
[segformer_seed42_fold0] epoch  35/60 loss=0.2266 val_dice=0.8531 (4s)
[segformer_seed42_fold0] epoch  36/60 loss=0.2239 val_dice=0.8566 (4s)
[segformer_seed42_fold0] epoch  37/60 loss=0.2204 val_dice=0.8540 (4s)
[segformer_seed42_fold0] epoch  38/60 loss=0.2140 val_dice=0.8558 (4s)
[segformer_seed42_fold0] epoch  39/60 loss=0.2077 val_dice=0.8515 (4s)
[segformer_seed42_fold0] epoch  40/60 loss=0.2059 val_dice=0.8545 (4s)
[segformer_seed42_fold0] epoch  41/60 loss=0.2046 val_dice=0.8606 (3s)
[segformer_seed42_fold0] epoch  42/60 loss=0.2044 val_dice=0.8559 (3s)
[segformer_seed42_fold0] epoch  43/60 loss=0.2040 val_dice=0.8612 (4s)
[segformer_seed42_fold0] epoch  44/60 loss=0.2074 val_dice=0.8598 (3s)
[segformer_seed42_fold0] epoch  45/60 loss=0.1996 val_dice=0.8566 (4s)
[segformer_seed42_fold0] epoch  46/60 loss=0.1932 val_dice=0.8560 (4s)
[segformer_seed42_fold0] epoch  47/60 loss=0.1997 val_dice=0.8565 (4s)
[segformer_seed42_fold0] epoch  48/60 loss=0.2064 val_dice=0.8563 (4s)
[segformer_seed42_fold0] epoch  49/60 loss=0.1900 val_dice=0.8558 (4s)
[segformer_seed42_fold0] epoch  50/60 loss=0.1940 val_dice=0.8559 (4s)
[segformer_seed42_fold0] epoch  51/60 loss=0.2020 val_dice=0.8556 (4s)
[segformer_seed42_fold0] epoch  52/60 loss=0.1913 val_dice=0.8562 (4s)
[segformer_seed42_fold0] epoch  53/60 loss=0.1904 val_dice=0.8563 (4s)
[segformer_seed42_fold0] epoch  54/60 loss=0.2014 val_dice=0.8572 (4s)
[segformer_seed42_fold0] epoch  55/60 loss=0.1878 val_dice=0.8570 (4s)
[segformer_seed42_fold0] epoch  56/60 loss=0.1846 val_dice=0.8568 (4s)
[segformer_seed42_fold0] epoch  57/60 loss=0.1935 val_dice=0.8567 (4s)
[segformer_seed42_fold0] epoch  58/60 loss=0.1832 val_dice=0.8567 (4s)
[segformer_seed42_fold0] early stop at epoch 58 (best 0.8612 @ 43)
[segformer_seed42_fold0] done. best val Dice 0.8612 @ epoch 43
== eval segformer_seed42_fold0
[eval] cvc-clinicdb: 612 images
                dice     iou  boundary_f1
dataset                                  
cvc-clinicdb  0.8492  0.7655       0.5031
kvasir-seg    0.9002  0.8408       0.6075

Wrote polypseg/outputs/cv/perimage_segformer_seed42_fold0.csv
== eval segformer_seed42_fold0 (TTA)
[eval] cvc-clinicdb: 612 images
                dice     iou  boundary_f1
dataset                                  
cvc-clinicdb  0.8542  0.7733       0.5213
kvasir-seg    0.9034  0.8451       0.6183

Wrote polypseg/outputs/cv/perimage_segformer_seed42_fold0_tta.csv
== train segformer_seed42_fold1
[segformer_seed42_fold1] device=cuda params=3.71M train=700 val=100 amp=True
[segformer_seed42_fold1] epoch   1/60 loss=1.0899 val_dice=0.7406 (12s)
[segformer_seed42_fold1] epoch   2/60 loss=0.6964 val_dice=0.8073 (5s)
[segformer_seed42_fold1] epoch   3/60 loss=0.6109 val_dice=0.8117 (5s)
[segformer_seed42_fold1] epoch   4/60 loss=0.5392 val_dice=0.8376 (4s)
[segformer_seed42_fold1] epoch   5/60 loss=0.4748 val_dice=0.8304 (4s)
[segformer_seed42_fold1] epoch   6/60 loss=0.4624 val_dice=0.8490 (5s)
[segformer_seed42_fold1] epoch   7/60 loss=0.4395 val_dice=0.8429 (4s)
[segformer_seed42_fold1] epoch   8/60 loss=0.4226 val_dice=0.8482 (4s)
[segformer_seed42_fold1] epoch   9/60 loss=0.3948 val_dice=0.8658 (5s)
[segformer_seed42_fold1] epoch  10/60 loss=0.3769 val_dice=0.8672 (5s)
[segformer_seed42_fold1] epoch  11/60 loss=0.3590 val_dice=0.8476 (4s)
[segformer_seed42_fold1] epoch  12/60 loss=0.3456 val_dice=0.8711 (4s)
[segformer_seed42_fold1] epoch  13/60 loss=0.3216 val_dice=0.8760 (4s)
[segformer_seed42_fold1] epoch  14/60 loss=0.3249 val_dice=0.8722 (4s)
[segformer_seed42_fold1] epoch  15/60 loss=0.3192 val_dice=0.8847 (4s)
[segformer_seed42_fold1] epoch  16/60 loss=0.3090 val_dice=0.8782 (4s)
[segformer_seed42_fold1] epoch  17/60 loss=0.2906 val_dice=0.8806 (5s)
[segformer_seed42_fold1] epoch  18/60 loss=0.2998 val_dice=0.8652 (5s)
[segformer_seed42_fold1] epoch  19/60 loss=0.2922 val_dice=0.8744 (5s)
[segformer_seed42_fold1] epoch  20/60 loss=0.2860 val_dice=0.8818 (5s)
[segformer_seed42_fold1] epoch  21/60 loss=0.2702 val_dice=0.8862 (4s)
[segformer_seed42_fold1] epoch  22/60 loss=0.2639 val_dice=0.8857 (4s)
[segformer_seed42_fold1] epoch  23/60 loss=0.2666 val_dice=0.8782 (5s)
[segformer_seed42_fold1] epoch  24/60 loss=0.2623 val_dice=0.8750 (5s)
[segformer_seed42_fold1] epoch  25/60 loss=0.2583 val_dice=0.8868 (5s)
[segformer_seed42_fold1] epoch  26/60 loss=0.2494 val_dice=0.8744 (5s)
[segformer_seed42_fold1] epoch  27/60 loss=0.2664 val_dice=0.8753 (4s)
[segformer_seed42_fold1] epoch  28/60 loss=0.2563 val_dice=0.8762 (4s)
[segformer_seed42_fold1] epoch  29/60 loss=0.2504 val_dice=0.8857 (4s)
[segformer_seed42_fold1] epoch  30/60 loss=0.2400 val_dice=0.8822 (5s)
[segformer_seed42_fold1] epoch  31/60 loss=0.2405 val_dice=0.8949 (4s)
[segformer_seed42_fold1] epoch  32/60 loss=0.2407 val_dice=0.8883 (4s)
[segformer_seed42_fold1] epoch  33/60 loss=0.2271 val_dice=0.8828 (4s)
[segformer_seed42_fold1] epoch  34/60 loss=0.2249 val_dice=0.8935 (5s)
[segformer_seed42_fold1] epoch  35/60 loss=0.2075 val_dice=0.8821 (4s)
[segformer_seed42_fold1] epoch  36/60 loss=0.2180 val_dice=0.8924 (4s)
[segformer_seed42_fold1] epoch  37/60 loss=0.2184 val_dice=0.8958 (4s)
[segformer_seed42_fold1] epoch  38/60 loss=0.2106 val_dice=0.8894 (4s)
[segformer_seed42_fold1] epoch  39/60 loss=0.2257 val_dice=0.8910 (5s)
[segformer_seed42_fold1] epoch  40/60 loss=0.2149 val_dice=0.8880 (4s)
[segformer_seed42_fold1] epoch  41/60 loss=0.2085 val_dice=0.8938 (4s)
[segformer_seed42_fold1] epoch  42/60 loss=0.2031 val_dice=0.8870 (4s)
[segformer_seed42_fold1] epoch  43/60 loss=0.2093 val_dice=0.8941 (4s)
[segformer_seed42_fold1] epoch  44/60 loss=0.2027 val_dice=0.8924 (4s)
[segformer_seed42_fold1] epoch  45/60 loss=0.1910 val_dice=0.8926 (4s)
[segformer_seed42_fold1] epoch  46/60 loss=0.1897 val_dice=0.8959 (4s)
[segformer_seed42_fold1] epoch  47/60 loss=0.2032 val_dice=0.8943 (4s)
[segformer_seed42_fold1] epoch  48/60 loss=0.1971 val_dice=0.8962 (3s)
[segformer_seed42_fold1] epoch  49/60 loss=0.2025 val_dice=0.8975 (4s)
[segformer_seed42_fold1] epoch  50/60 loss=0.1901 val_dice=0.8948 (3s)
[segformer_seed42_fold1] epoch  51/60 loss=0.1965 val_dice=0.8929 (4s)
[segformer_seed42_fold1] epoch  52/60 loss=0.1881 val_dice=0.8949 (4s)
[segformer_seed42_fold1] epoch  53/60 loss=0.2049 val_dice=0.8939 (4s)
[segformer_seed42_fold1] epoch  54/60 loss=0.1921 val_dice=0.8962 (4s)
[segformer_seed42_fold1] epoch  55/60 loss=0.1877 val_dice=0.8958 (3s)
[segformer_seed42_fold1] epoch  56/60 loss=0.1839 val_dice=0.8953 (4s)
[segformer_seed42_fold1] epoch  57/60 loss=0.2016 val_dice=0.8952 (3s)
[segformer_seed42_fold1] epoch  58/60 loss=0.1916 val_dice=0.8956 (4s)
[segformer_seed42_fold1] epoch  59/60 loss=0.1905 val_dice=0.8950 (3s)
[segformer_seed42_fold1] epoch  60/60 loss=0.1899 val_dice=0.8956 (4s)
[segformer_seed42_fold1] done. best val Dice 0.8975 @ epoch 49
== eval segformer_seed42_fold1
[eval] cvc-clinicdb: 612 images
                dice     iou  boundary_f1
dataset                                  
cvc-clinicdb  0.8535  0.7704       0.5031
kvasir-seg    0.8924  0.8317       0.6151

Wrote polypseg/outputs/cv/perimage_segformer_seed42_fold1.csv
== eval segformer_seed42_fold1 (TTA)
[eval] cvc-clinicdb: 612 images
                dice     iou  boundary_f1
dataset                                  
cvc-clinicdb  0.8614  0.7788       0.5147
kvasir-seg    0.8933  0.8351       0.6348

Wrote polypseg/outputs/cv/perimage_segformer_seed42_fold1_tta.csv
== train segformer_seed42_fold2
[segformer_seed42_fold2] device=cuda params=3.71M train=700 val=100 amp=True
[segformer_seed42_fold2] epoch   1/60 loss=1.0748 val_dice=0.7429 (13s)
[segformer_seed42_fold2] epoch   2/60 loss=0.7202 val_dice=0.7605 (4s)
[segformer_seed42_fold2] epoch   3/60 loss=0.6275 val_dice=0.8042 (3s)
[segformer_seed42_fold2] epoch   4/60 loss=0.5763 val_dice=0.8183 (4s)
[segformer_seed42_fold2] epoch   5/60 loss=0.5203 val_dice=0.8266 (4s)
[segformer_seed42_fold2] epoch   6/60 loss=0.4913 val_dice=0.8348 (3s)
[segformer_seed42_fold2] epoch   7/60 loss=0.4451 val_dice=0.8390 (4s)
[segformer_seed42_fold2] epoch   8/60 loss=0.4219 val_dice=0.8523 (3s)
[segformer_seed42_fold2] epoch   9/60 loss=0.4144 val_dice=0.8603 (3s)
[segformer_seed42_fold2] epoch  10/60 loss=0.3991 val_dice=0.8645 (4s)
[segformer_seed42_fold2] epoch  11/60 loss=0.3790 val_dice=0.8596 (3s)
[segformer_seed42_fold2] epoch  12/60 loss=0.3682 val_dice=0.8381 (4s)
[segformer_seed42_fold2] epoch  13/60 loss=0.3681 val_dice=0.8475 (4s)
[segformer_seed42_fold2] epoch  14/60 loss=0.3574 val_dice=0.8564 (4s)
[segformer_seed42_fold2] epoch  15/60 loss=0.3378 val_dice=0.8632 (4s)
[segformer_seed42_fold2] epoch  16/60 loss=0.3260 val_dice=0.8655 (4s)
[segformer_seed42_fold2] epoch  17/60 loss=0.3241 val_dice=0.8669 (4s)
[segformer_seed42_fold2] epoch  18/60 loss=0.3083 val_dice=0.8654 (3s)
[segformer_seed42_fold2] epoch  19/60 loss=0.2923 val_dice=0.8780 (4s)
[segformer_seed42_fold2] epoch  20/60 loss=0.3076 val_dice=0.8607 (4s)
[segformer_seed42_fold2] epoch  21/60 loss=0.2979 val_dice=0.8674 (4s)
[segformer_seed42_fold2] epoch  22/60 loss=0.2820 val_dice=0.8818 (3s)
[segformer_seed42_fold2] epoch  23/60 loss=0.2884 val_dice=0.8784 (4s)
[segformer_seed42_fold2] epoch  24/60 loss=0.2816 val_dice=0.8749 (4s)
[segformer_seed42_fold2] epoch  25/60 loss=0.2616 val_dice=0.8691 (3s)
[segformer_seed42_fold2] epoch  26/60 loss=0.2640 val_dice=0.8797 (4s)
[segformer_seed42_fold2] epoch  27/60 loss=0.2752 val_dice=0.8886 (4s)
[segformer_seed42_fold2] epoch  28/60 loss=0.2616 val_dice=0.8845 (3s)
[segformer_seed42_fold2] epoch  29/60 loss=0.2709 val_dice=0.8862 (4s)
[segformer_seed42_fold2] epoch  30/60 loss=0.2552 val_dice=0.8847 (4s)
[segformer_seed42_fold2] epoch  31/60 loss=0.2517 val_dice=0.8894 (3s)
[segformer_seed42_fold2] epoch  32/60 loss=0.2385 val_dice=0.8935 (4s)
[segformer_seed42_fold2] epoch  33/60 loss=0.2365 val_dice=0.8918 (4s)
[segformer_seed42_fold2] epoch  34/60 loss=0.2386 val_dice=0.8967 (3s)
[segformer_seed42_fold2] epoch  35/60 loss=0.2344 val_dice=0.8931 (4s)
[segformer_seed42_fold2] epoch  36/60 loss=0.2356 val_dice=0.8911 (4s)
[segformer_seed42_fold2] epoch  37/60 loss=0.2314 val_dice=0.8914 (4s)
[segformer_seed42_fold2] epoch  38/60 loss=0.2344 val_dice=0.8880 (3s)
[segformer_seed42_fold2] epoch  39/60 loss=0.2286 val_dice=0.8905 (4s)
[segformer_seed42_fold2] epoch  40/60 loss=0.2232 val_dice=0.8919 (3s)
[segformer_seed42_fold2] epoch  41/60 loss=0.2302 val_dice=0.8927 (4s)
[segformer_seed42_fold2] epoch  42/60 loss=0.2158 val_dice=0.8904 (4s)
[segformer_seed42_fold2] epoch  43/60 loss=0.2182 val_dice=0.8941 (4s)
[segformer_seed42_fold2] epoch  44/60 loss=0.2190 val_dice=0.8931 (3s)
[segformer_seed42_fold2] epoch  45/60 loss=0.2130 val_dice=0.8916 (4s)
[segformer_seed42_fold2] epoch  46/60 loss=0.2104 val_dice=0.8907 (4s)
[segformer_seed42_fold2] epoch  47/60 loss=0.1994 val_dice=0.8890 (4s)
[segformer_seed42_fold2] epoch  48/60 loss=0.2186 val_dice=0.8904 (4s)
[segformer_seed42_fold2] epoch  49/60 loss=0.2060 val_dice=0.8896 (3s)
[segformer_seed42_fold2] early stop at epoch 49 (best 0.8967 @ 34)
[segformer_seed42_fold2] done. best val Dice 0.8967 @ epoch 34
== eval segformer_seed42_fold2
[eval] cvc-clinicdb: 612 images
                dice     iou  boundary_f1
dataset                                  
cvc-clinicdb  0.8448  0.7610       0.4932
kvasir-seg    0.8924  0.8303       0.5907

Wrote polypseg/outputs/cv/perimage_segformer_seed42_fold2.csv
== eval segformer_seed42_fold2 (TTA)
[eval] cvc-clinicdb: 612 images
                dice     iou  boundary_f1
dataset                                  
cvc-clinicdb  0.8553  0.7725       0.5065
kvasir-seg    0.8955  0.8345       0.6065

Wrote polypseg/outputs/cv/perimage_segformer_seed42_fold2_tta.csv
== train segformer_seed42_fold3
[segformer_seed42_fold3] device=cuda params=3.71M train=700 val=100 amp=True
[segformer_seed42_fold3] epoch   1/60 loss=1.0624 val_dice=0.7351 (13s)
[segformer_seed42_fold3] epoch   2/60 loss=0.7034 val_dice=0.7760 (4s)
[segformer_seed42_fold3] epoch   3/60 loss=0.6158 val_dice=0.8105 (4s)
[segformer_seed42_fold3] epoch   4/60 loss=0.5604 val_dice=0.8264 (4s)
[segformer_seed42_fold3] epoch   5/60 loss=0.5083 val_dice=0.8214 (4s)
[segformer_seed42_fold3] epoch   6/60 loss=0.4764 val_dice=0.8371 (4s)
[segformer_seed42_fold3] epoch   7/60 loss=0.4592 val_dice=0.8357 (4s)
[segformer_seed42_fold3] epoch   8/60 loss=0.4325 val_dice=0.8562 (3s)
[segformer_seed42_fold3] epoch   9/60 loss=0.4079 val_dice=0.8515 (4s)
[segformer_seed42_fold3] epoch  10/60 loss=0.3905 val_dice=0.8579 (3s)
[segformer_seed42_fold3] epoch  11/60 loss=0.3810 val_dice=0.8590 (4s)
[segformer_seed42_fold3] epoch  12/60 loss=0.3561 val_dice=0.8640 (4s)
[segformer_seed42_fold3] epoch  13/60 loss=0.3375 val_dice=0.8695 (4s)
[segformer_seed42_fold3] epoch  14/60 loss=0.3472 val_dice=0.8746 (3s)
[segformer_seed42_fold3] epoch  15/60 loss=0.3301 val_dice=0.8651 (4s)
[segformer_seed42_fold3] epoch  16/60 loss=0.3226 val_dice=0.8731 (4s)
[segformer_seed42_fold3] epoch  17/60 loss=0.3346 val_dice=0.8602 (4s)
[segformer_seed42_fold3] epoch  18/60 loss=0.3032 val_dice=0.8661 (4s)
[segformer_seed42_fold3] epoch  19/60 loss=0.3031 val_dice=0.8719 (4s)
[segformer_seed42_fold3] epoch  20/60 loss=0.2914 val_dice=0.8774 (4s)
[segformer_seed42_fold3] epoch  21/60 loss=0.2950 val_dice=0.8698 (3s)
[segformer_seed42_fold3] epoch  22/60 loss=0.2799 val_dice=0.8749 (4s)
[segformer_seed42_fold3] epoch  23/60 loss=0.2879 val_dice=0.8791 (4s)
[segformer_seed42_fold3] epoch  24/60 loss=0.2762 val_dice=0.8764 (4s)
[segformer_seed42_fold3] epoch  25/60 loss=0.2555 val_dice=0.8808 (4s)
[segformer_seed42_fold3] epoch  26/60 loss=0.2601 val_dice=0.8791 (4s)
[segformer_seed42_fold3] epoch  27/60 loss=0.2544 val_dice=0.8842 (4s)
[segformer_seed42_fold3] epoch  28/60 loss=0.2543 val_dice=0.8826 (4s)
[segformer_seed42_fold3] epoch  29/60 loss=0.2612 val_dice=0.8811 (4s)
[segformer_seed42_fold3] epoch  30/60 loss=0.2508 val_dice=0.8843 (3s)
[segformer_seed42_fold3] epoch  31/60 loss=0.2467 val_dice=0.8825 (4s)
[segformer_seed42_fold3] epoch  32/60 loss=0.2398 val_dice=0.8805 (4s)
[segformer_seed42_fold3] epoch  33/60 loss=0.2372 val_dice=0.8851 (4s)
[segformer_seed42_fold3] epoch  34/60 loss=0.2422 val_dice=0.8806 (4s)
[segformer_seed42_fold3] epoch  35/60 loss=0.2348 val_dice=0.8850 (4s)
[segformer_seed42_fold3] epoch  36/60 loss=0.2466 val_dice=0.8840 (4s)
[segformer_seed42_fold3] epoch  37/60 loss=0.2390 val_dice=0.8799 (4s)
[segformer_seed42_fold3] epoch  38/60 loss=0.2237 val_dice=0.8758 (4s)
[segformer_seed42_fold3] epoch  39/60 loss=0.2338 val_dice=0.8797 (4s)
[segformer_seed42_fold3] epoch  40/60 loss=0.2187 val_dice=0.8802 (4s)
[segformer_seed42_fold3] epoch  41/60 loss=0.2227 val_dice=0.8806 (4s)
[segformer_seed42_fold3] epoch  42/60 loss=0.2193 val_dice=0.8808 (4s)
[segformer_seed42_fold3] epoch  43/60 loss=0.2088 val_dice=0.8813 (3s)
[segformer_seed42_fold3] epoch  44/60 loss=0.2211 val_dice=0.8789 (4s)
[segformer_seed42_fold3] epoch  45/60 loss=0.2058 val_dice=0.8806 (4s)
[segformer_seed42_fold3] epoch  46/60 loss=0.2055 val_dice=0.8801 (4s)
[segformer_seed42_fold3] epoch  47/60 loss=0.2069 val_dice=0.8794 (3s)
[segformer_seed42_fold3] epoch  48/60 loss=0.2129 val_dice=0.8803 (4s)
[segformer_seed42_fold3] early stop at epoch 48 (best 0.8851 @ 33)
[segformer_seed42_fold3] done. best val Dice 0.8851 @ epoch 33
== eval segformer_seed42_fold3
[eval] cvc-clinicdb: 612 images
                dice     iou  boundary_f1
dataset                                  
cvc-clinicdb  0.8460  0.7607       0.4889
kvasir-seg    0.9023  0.8383       0.5999

Wrote polypseg/outputs/cv/perimage_segformer_seed42_fold3.csv
== eval segformer_seed42_fold3 (TTA)
[eval] cvc-clinicdb: 612 images
                dice     iou  boundary_f1
dataset                                  
cvc-clinicdb  0.8545  0.7711       0.5071
kvasir-seg    0.9084  0.8474       0.6175

Wrote polypseg/outputs/cv/perimage_segformer_seed42_fold3_tta.csv
== train segformer_seed42_fold4
[segformer_seed42_fold4] device=cuda params=3.71M train=700 val=100 amp=True
[segformer_seed42_fold4] epoch   1/60 loss=1.0674 val_dice=0.7385 (13s)
[segformer_seed42_fold4] epoch   2/60 loss=0.7089 val_dice=0.6920 (4s)
[segformer_seed42_fold4] epoch   3/60 loss=0.6537 val_dice=0.7952 (3s)
[segformer_seed42_fold4] epoch   4/60 loss=0.5788 val_dice=0.8015 (4s)
[segformer_seed42_fold4] epoch   5/60 loss=0.5310 val_dice=0.8139 (4s)
[segformer_seed42_fold4] epoch   6/60 loss=0.5065 val_dice=0.8352 (4s)
[segformer_seed42_fold4] epoch   7/60 loss=0.4534 val_dice=0.8381 (3s)
[segformer_seed42_fold4] epoch   8/60 loss=0.4235 val_dice=0.8482 (4s)
[segformer_seed42_fold4] epoch   9/60 loss=0.4119 val_dice=0.8441 (4s)
[segformer_seed42_fold4] epoch  10/60 loss=0.4044 val_dice=0.8438 (4s)
[segformer_seed42_fold4] epoch  11/60 loss=0.4000 val_dice=0.8514 (4s)
[segformer_seed42_fold4] epoch  12/60 loss=0.3694 val_dice=0.8650 (4s)
[segformer_seed42_fold4] epoch  13/60 loss=0.3611 val_dice=0.8660 (4s)
[segformer_seed42_fold4] epoch  14/60 loss=0.3386 val_dice=0.8645 (3s)
[segformer_seed42_fold4] epoch  15/60 loss=0.3398 val_dice=0.8635 (3s)
[segformer_seed42_fold4] epoch  16/60 loss=0.3281 val_dice=0.8705 (4s)
[segformer_seed42_fold4] epoch  17/60 loss=0.3128 val_dice=0.8782 (4s)
[segformer_seed42_fold4] epoch  18/60 loss=0.3087 val_dice=0.8789 (4s)
[segformer_seed42_fold4] epoch  19/60 loss=0.3067 val_dice=0.8733 (4s)
[segformer_seed42_fold4] epoch  20/60 loss=0.2967 val_dice=0.8718 (3s)
[segformer_seed42_fold4] epoch  21/60 loss=0.3014 val_dice=0.8708 (4s)
[segformer_seed42_fold4] epoch  22/60 loss=0.2727 val_dice=0.8803 (4s)
[segformer_seed42_fold4] epoch  23/60 loss=0.2695 val_dice=0.8779 (4s)
[segformer_seed42_fold4] epoch  24/60 loss=0.2773 val_dice=0.8839 (4s)
[segformer_seed42_fold4] epoch  25/60 loss=0.2831 val_dice=0.8807 (4s)
[segformer_seed42_fold4] epoch  26/60 loss=0.2709 val_dice=0.8806 (4s)
[segformer_seed42_fold4] epoch  27/60 loss=0.2679 val_dice=0.8790 (4s)
[segformer_seed42_fold4] epoch  28/60 loss=0.2755 val_dice=0.8821 (4s)
[segformer_seed42_fold4] epoch  29/60 loss=0.2518 val_dice=0.8833 (4s)
[segformer_seed42_fold4] epoch  30/60 loss=0.2563 val_dice=0.8863 (4s)
[segformer_seed42_fold4] epoch  31/60 loss=0.2535 val_dice=0.8896 (4s)
[segformer_seed42_fold4] epoch  32/60 loss=0.2463 val_dice=0.8880 (4s)
[segformer_seed42_fold4] epoch  33/60 loss=0.2414 val_dice=0.8835 (4s)
[segformer_seed42_fold4] epoch  34/60 loss=0.2363 val_dice=0.8925 (3s)
[segformer_seed42_fold4] epoch  35/60 loss=0.2428 val_dice=0.8900 (4s)
[segformer_seed42_fold4] epoch  36/60 loss=0.2227 val_dice=0.8908 (3s)
[segformer_seed42_fold4] epoch  37/60 loss=0.2288 val_dice=0.8895 (4s)
[segformer_seed42_fold4] epoch  38/60 loss=0.2251 val_dice=0.8948 (3s)
[segformer_seed42_fold4] epoch  39/60 loss=0.2391 val_dice=0.8892 (4s)
[segformer_seed42_fold4] epoch  40/60 loss=0.2302 val_dice=0.8957 (4s)
[segformer_seed42_fold4] epoch  41/60 loss=0.2202 val_dice=0.8934 (4s)
[segformer_seed42_fold4] epoch  42/60 loss=0.2168 val_dice=0.8924 (4s)
[segformer_seed42_fold4] epoch  43/60 loss=0.2144 val_dice=0.8939 (4s)
[segformer_seed42_fold4] epoch  44/60 loss=0.2261 val_dice=0.8918 (4s)
[segformer_seed42_fold4] epoch  45/60 loss=0.2109 val_dice=0.8936 (4s)
[segformer_seed42_fold4] epoch  46/60 loss=0.2208 val_dice=0.8927 (4s)
[segformer_seed42_fold4] epoch  47/60 loss=0.2205 val_dice=0.8921 (4s)
[segformer_seed42_fold4] epoch  48/60 loss=0.2000 val_dice=0.8935 (3s)
[segformer_seed42_fold4] epoch  49/60 loss=0.1998 val_dice=0.8958 (4s)
[segformer_seed42_fold4] epoch  50/60 loss=0.2037 val_dice=0.8951 (5s)
[segformer_seed42_fold4] epoch  51/60 loss=0.2081 val_dice=0.8937 (5s)
[segformer_seed42_fold4] epoch  52/60 loss=0.2091 val_dice=0.8936 (6s)
[segformer_seed42_fold4] epoch  53/60 loss=0.2152 val_dice=0.8935 (4s)
[segformer_seed42_fold4] epoch  54/60 loss=0.2064 val_dice=0.8934 (4s)
[segformer_seed42_fold4] epoch  55/60 loss=0.2010 val_dice=0.8939 (4s)
[segformer_seed42_fold4] epoch  56/60 loss=0.1970 val_dice=0.8941 (5s)
[segformer_seed42_fold4] epoch  57/60 loss=0.2020 val_dice=0.8940 (5s)
[segformer_seed42_fold4] epoch  58/60 loss=0.1978 val_dice=0.8940 (5s)
[segformer_seed42_fold4] epoch  59/60 loss=0.1995 val_dice=0.8942 (6s)
[segformer_seed42_fold4] epoch  60/60 loss=0.2082 val_dice=0.8940 (6s)
[segformer_seed42_fold4] done. best val Dice 0.8958 @ epoch 49
== eval segformer_seed42_fold4
[eval] cvc-clinicdb: 612 images
                dice     iou  boundary_f1
dataset                                  
cvc-clinicdb  0.8475  0.7645       0.4958
kvasir-seg    0.8940  0.8283       0.5942

Wrote polypseg/outputs/cv/perimage_segformer_seed42_fold4.csv
== eval segformer_seed42_fold4 (TTA)
[eval] cvc-clinicdb: 612 images
                dice     iou  boundary_f1
dataset                                  
cvc-clinicdb  0.8572  0.7756       0.5095
kvasir-seg    0.8999  0.8378       0.6121

Wrote polypseg/outputs/cv/perimage_segformer_seed42_fold4_tta.csv
== cv complete
