External test sets: cvc-clinicdb=data/external/cvc-clinicdb/
== train unet_seed42
Warning: You are sending unauthenticated requests to the HF Hub. Please set a HF_TOKEN to enable higher rate limits and faster downloads.
[unet_seed42] device=cuda params=24.44M train=800 val=100 amp=True
[unet_seed42] epoch   1/60 loss=1.1829 val_dice=0.6599 (5s)
[unet_seed42] epoch   2/60 loss=0.9482 val_dice=0.7865 (4s)
[unet_seed42] epoch   3/60 loss=0.8500 val_dice=0.7809 (4s)
[unet_seed42] epoch   4/60 loss=0.7710 val_dice=0.8287 (4s)
[unet_seed42] epoch   5/60 loss=0.7022 val_dice=0.8332 (4s)
[unet_seed42] epoch   6/60 loss=0.6380 val_dice=0.8655 (4s)
[unet_seed42] epoch   7/60 loss=0.5919 val_dice=0.8723 (4s)
[unet_seed42] epoch   8/60 loss=0.5458 val_dice=0.8771 (4s)
[unet_seed42] epoch   9/60 loss=0.5239 val_dice=0.8711 (8s)
[unet_seed42] epoch  10/60 loss=0.4786 val_dice=0.8645 (4s)
[unet_seed42] epoch  11/60 loss=0.4477 val_dice=0.8837 (4s)
[unet_seed42] epoch  12/60 loss=0.4249 val_dice=0.8842 (4s)
[unet_seed42] epoch  13/60 loss=0.3994 val_dice=0.8867 (4s)
[unet_seed42] epoch  14/60 loss=0.3868 val_dice=0.8801 (4s)
[unet_seed42] epoch  15/60 loss=0.3776 val_dice=0.8806 (4s)
[unet_seed42] epoch  16/60 loss=0.3554 val_dice=0.8941 (4s)
[unet_seed42] epoch  17/60 loss=0.3351 val_dice=0.8837 (7s)
[unet_seed42] epoch  18/60 loss=0.3160 val_dice=0.9076 (4s)
[unet_seed42] epoch  19/60 loss=0.3153 val_dice=0.8923 (4s)
[unet_seed42] epoch  20/60 loss=0.2905 val_dice=0.8891 (4s)
[unet_seed42] epoch  21/60 loss=0.2965 val_dice=0.8827 (4s)
[unet_seed42] epoch  22/60 loss=0.2855 val_dice=0.8894 (5s)
[unet_seed42] epoch  23/60 loss=0.2874 val_dice=0.8869 (6s)
[unet_seed42] epoch  24/60 loss=0.2683 val_dice=0.8925 (4s)
[unet_seed42] epoch  25/60 loss=0.2627 val_dice=0.8951 (4s)
[unet_seed42] epoch  26/60 loss=0.2525 val_dice=0.8990 (4s)
[unet_seed42] epoch  27/60 loss=0.2522 val_dice=0.8945 (4s)
[unet_seed42] epoch  28/60 loss=0.2509 val_dice=0.8907 (5s)
[unet_seed42] epoch  29/60 loss=0.2384 val_dice=0.8957 (6s)
[unet_seed42] epoch  30/60 loss=0.2261 val_dice=0.8909 (4s)
[unet_seed42] epoch  31/60 loss=0.2249 val_dice=0.8852 (4s)
[unet_seed42] epoch  32/60 loss=0.2298 val_dice=0.8935 (4s)
[unet_seed42] epoch  33/60 loss=0.2137 val_dice=0.8917 (4s)
[unet_seed42] early stop at epoch 33 (best 0.9076 @ 18)
[unet_seed42] done. best val Dice 0.9076 @ epoch 18
== train unet_seed1337
[unet_seed1337] device=cuda params=24.44M train=800 val=100 amp=True
[unet_seed1337] epoch   1/60 loss=1.1707 val_dice=0.7194 (5s)
[unet_seed1337] epoch   2/60 loss=0.9007 val_dice=0.8037 (4s)
[unet_seed1337] epoch   3/60 loss=0.7751 val_dice=0.8424 (4s)
[unet_seed1337] epoch   4/60 loss=0.6919 val_dice=0.8653 (4s)
[unet_seed1337] epoch   5/60 loss=0.6132 val_dice=0.8729 (4s)
[unet_seed1337] epoch   6/60 loss=0.5400 val_dice=0.8623 (4s)
[unet_seed1337] epoch   7/60 loss=0.5068 val_dice=0.8677 (4s)
[unet_seed1337] epoch   8/60 loss=0.4541 val_dice=0.8800 (6s)
[unet_seed1337] epoch   9/60 loss=0.4144 val_dice=0.8823 (5s)
[unet_seed1337] epoch  10/60 loss=0.3842 val_dice=0.8823 (4s)
[unet_seed1337] epoch  11/60 loss=0.3699 val_dice=0.8842 (4s)
[unet_seed1337] epoch  12/60 loss=0.3607 val_dice=0.8873 (4s)
[unet_seed1337] epoch  13/60 loss=0.3259 val_dice=0.8888 (4s)
[unet_seed1337] epoch  14/60 loss=0.3363 val_dice=0.8892 (7s)
[unet_seed1337] epoch  15/60 loss=0.3143 val_dice=0.8970 (4s)
[unet_seed1337] epoch  16/60 loss=0.3134 val_dice=0.8789 (4s)
[unet_seed1337] epoch  17/60 loss=0.2895 val_dice=0.9051 (4s)
[unet_seed1337] epoch  18/60 loss=0.2664 val_dice=0.8953 (4s)
[unet_seed1337] epoch  19/60 loss=0.2523 val_dice=0.8884 (5s)
[unet_seed1337] epoch  20/60 loss=0.2628 val_dice=0.8918 (6s)
[unet_seed1337] epoch  21/60 loss=0.2515 val_dice=0.9004 (4s)
[unet_seed1337] epoch  22/60 loss=0.2388 val_dice=0.9057 (4s)
[unet_seed1337] epoch  23/60 loss=0.2530 val_dice=0.9032 (4s)
[unet_seed1337] epoch  24/60 loss=0.2364 val_dice=0.8878 (4s)
[unet_seed1337] epoch  25/60 loss=0.2594 val_dice=0.8966 (4s)
[unet_seed1337] epoch  26/60 loss=0.2301 val_dice=0.9052 (4s)
[unet_seed1337] epoch  27/60 loss=0.2316 val_dice=0.8964 (4s)
[unet_seed1337] epoch  28/60 loss=0.2187 val_dice=0.8890 (4s)
[unet_seed1337] epoch  29/60 loss=0.2127 val_dice=0.8993 (4s)
[unet_seed1337] epoch  30/60 loss=0.2048 val_dice=0.9011 (4s)
[unet_seed1337] epoch  31/60 loss=0.2084 val_dice=0.8969 (4s)
[unet_seed1337] epoch  32/60 loss=0.1919 val_dice=0.8910 (4s)
[unet_seed1337] epoch  33/60 loss=0.1931 val_dice=0.8926 (7s)
[unet_seed1337] epoch  34/60 loss=0.1933 val_dice=0.9015 (4s)
[unet_seed1337] epoch  35/60 loss=0.1936 val_dice=0.9003 (4s)
[unet_seed1337] epoch  36/60 loss=0.1794 val_dice=0.9011 (4s)
[unet_seed1337] epoch  37/60 loss=0.1754 val_dice=0.9030 (4s)
[unet_seed1337] early stop at epoch 37 (best 0.9057 @ 22)
[unet_seed1337] done. best val Dice 0.9057 @ epoch 22
== train unet_seed2024
[unet_seed2024] device=cuda params=24.44M train=800 val=100 amp=True
[unet_seed2024] epoch   1/60 loss=0.9727 val_dice=0.7652 (5s)
[unet_seed2024] epoch   2/60 loss=0.7401 val_dice=0.8161 (4s)
[unet_seed2024] epoch   3/60 loss=0.6211 val_dice=0.8513 (4s)
[unet_seed2024] epoch   4/60 loss=0.5590 val_dice=0.8435 (5s)
[unet_seed2024] epoch   5/60 loss=0.5083 val_dice=0.8632 (7s)
[unet_seed2024] epoch   6/60 loss=0.4494 val_dice=0.8805 (4s)
[unet_seed2024] epoch   7/60 loss=0.4254 val_dice=0.8595 (4s)
[unet_seed2024] epoch   8/60 loss=0.3872 val_dice=0.8684 (4s)
[unet_seed2024] epoch   9/60 loss=0.3927 val_dice=0.8877 (4s)
[unet_seed2024] epoch  10/60 loss=0.3438 val_dice=0.8874 (7s)
[unet_seed2024] epoch  11/60 loss=0.3187 val_dice=0.8859 (4s)
[unet_seed2024] epoch  12/60 loss=0.3287 val_dice=0.8747 (4s)
[unet_seed2024] epoch  13/60 loss=0.3303 val_dice=0.8726 (4s)
[unet_seed2024] epoch  14/60 loss=0.3103 val_dice=0.8930 (4s)
[unet_seed2024] epoch  15/60 loss=0.2947 val_dice=0.8794 (4s)
[unet_seed2024] epoch  16/60 loss=0.2987 val_dice=0.8850 (7s)
[unet_seed2024] epoch  17/60 loss=0.2689 val_dice=0.9014 (4s)
[unet_seed2024] epoch  18/60 loss=0.2717 val_dice=0.9013 (4s)
[unet_seed2024] epoch  19/60 loss=0.2697 val_dice=0.9030 (4s)
[unet_seed2024] epoch  20/60 loss=0.2702 val_dice=0.8976 (4s)
[unet_seed2024] epoch  21/60 loss=0.2487 val_dice=0.8888 (4s)
[unet_seed2024] epoch  22/60 loss=0.2363 val_dice=0.8818 (4s)
[unet_seed2024] epoch  23/60 loss=0.2275 val_dice=0.9002 (8s)
[unet_seed2024] epoch  24/60 loss=0.2244 val_dice=0.8759 (4s)
[unet_seed2024] epoch  25/60 loss=0.2287 val_dice=0.8924 (4s)
[unet_seed2024] epoch  26/60 loss=0.2309 val_dice=0.8937 (4s)
[unet_seed2024] epoch  27/60 loss=0.2291 val_dice=0.8991 (4s)
[unet_seed2024] epoch  28/60 loss=0.2213 val_dice=0.9011 (7s)
[unet_seed2024] epoch  29/60 loss=0.2179 val_dice=0.8934 (6s)
[unet_seed2024] epoch  30/60 loss=0.2187 val_dice=0.9046 (4s)
[unet_seed2024] epoch  31/60 loss=0.2065 val_dice=0.8954 (4s)
[unet_seed2024] epoch  32/60 loss=0.1986 val_dice=0.8968 (4s)
[unet_seed2024] epoch  33/60 loss=0.1982 val_dice=0.9038 (4s)
[unet_seed2024] epoch  34/60 loss=0.1939 val_dice=0.8944 (5s)
[unet_seed2024] epoch  35/60 loss=0.1880 val_dice=0.8978 (6s)
[unet_seed2024] epoch  36/60 loss=0.1904 val_dice=0.8983 (4s)
[unet_seed2024] epoch  37/60 loss=0.1824 val_dice=0.9000 (4s)
[unet_seed2024] epoch  38/60 loss=0.1856 val_dice=0.8921 (4s)
[unet_seed2024] epoch  39/60 loss=0.1862 val_dice=0.8906 (4s)
[unet_seed2024] epoch  40/60 loss=0.1713 val_dice=0.8987 (4s)
[unet_seed2024] epoch  41/60 loss=0.1752 val_dice=0.8953 (4s)
[unet_seed2024] epoch  42/60 loss=0.1686 val_dice=0.9021 (7s)
[unet_seed2024] epoch  43/60 loss=0.1741 val_dice=0.9015 (4s)
[unet_seed2024] epoch  44/60 loss=0.1625 val_dice=0.9041 (4s)
[unet_seed2024] epoch  45/60 loss=0.1686 val_dice=0.9004 (4s)
[unet_seed2024] early stop at epoch 45 (best 0.9046 @ 30)
[unet_seed2024] done. best val Dice 0.9046 @ epoch 30
== train unetpp_seed42
[unetpp_seed42] device=cuda params=26.08M train=800 val=100 amp=True
[unetpp_seed42] epoch   1/60 loss=0.9628 val_dice=0.7992 (8s)
[unetpp_seed42] epoch   2/60 loss=0.7001 val_dice=0.7951 (7s)
[unetpp_seed42] epoch   3/60 loss=0.5789 val_dice=0.8341 (7s)
[unetpp_seed42] epoch   4/60 loss=0.5211 val_dice=0.8652 (7s)
[unetpp_seed42] epoch   5/60 loss=0.4565 val_dice=0.8769 (7s)
[unetpp_seed42] epoch   6/60 loss=0.4221 val_dice=0.8880 (7s)
[unetpp_seed42] epoch   7/60 loss=0.3945 val_dice=0.8761 (7s)
[unetpp_seed42] epoch   8/60 loss=0.3685 val_dice=0.8657 (7s)
[unetpp_seed42] epoch   9/60 loss=0.3504 val_dice=0.8951 (7s)
[unetpp_seed42] epoch  10/60 loss=0.3284 val_dice=0.8921 (7s)
[unetpp_seed42] epoch  11/60 loss=0.3090 val_dice=0.8879 (7s)
[unetpp_seed42] epoch  12/60 loss=0.2926 val_dice=0.9092 (7s)
[unetpp_seed42] epoch  13/60 loss=0.2988 val_dice=0.9056 (7s)
[unetpp_seed42] epoch  14/60 loss=0.2886 val_dice=0.8993 (7s)
[unetpp_seed42] epoch  15/60 loss=0.2883 val_dice=0.9001 (7s)
[unetpp_seed42] epoch  16/60 loss=0.2725 val_dice=0.8914 (7s)
[unetpp_seed42] epoch  17/60 loss=0.2629 val_dice=0.8851 (8s)
[unetpp_seed42] epoch  18/60 loss=0.2504 val_dice=0.9062 (8s)
[unetpp_seed42] epoch  19/60 loss=0.2617 val_dice=0.8903 (7s)
[unetpp_seed42] epoch  20/60 loss=0.2328 val_dice=0.9006 (7s)
[unetpp_seed42] epoch  21/60 loss=0.2441 val_dice=0.9068 (7s)
[unetpp_seed42] epoch  22/60 loss=0.2426 val_dice=0.9030 (7s)
[unetpp_seed42] epoch  23/60 loss=0.2361 val_dice=0.8986 (7s)
[unetpp_seed42] epoch  24/60 loss=0.2113 val_dice=0.9136 (7s)
[unetpp_seed42] epoch  25/60 loss=0.2129 val_dice=0.9058 (7s)
[unetpp_seed42] epoch  26/60 loss=0.2088 val_dice=0.9124 (7s)
[unetpp_seed42] epoch  27/60 loss=0.2020 val_dice=0.9110 (7s)
[unetpp_seed42] epoch  28/60 loss=0.2137 val_dice=0.9138 (7s)
[unetpp_seed42] epoch  29/60 loss=0.1988 val_dice=0.9077 (7s)
[unetpp_seed42] epoch  30/60 loss=0.1971 val_dice=0.9041 (7s)
[unetpp_seed42] epoch  31/60 loss=0.2090 val_dice=0.9097 (7s)
[unetpp_seed42] epoch  32/60 loss=0.1881 val_dice=0.9078 (7s)
[unetpp_seed42] epoch  33/60 loss=0.1841 val_dice=0.9175 (7s)
[unetpp_seed42] epoch  34/60 loss=0.1875 val_dice=0.9100 (7s)
[unetpp_seed42] epoch  35/60 loss=0.1848 val_dice=0.9086 (7s)
[unetpp_seed42] epoch  36/60 loss=0.1766 val_dice=0.9113 (7s)
[unetpp_seed42] epoch  37/60 loss=0.1783 val_dice=0.9015 (7s)
[unetpp_seed42] epoch  38/60 loss=0.1739 val_dice=0.9043 (7s)
[unetpp_seed42] epoch  39/60 loss=0.1643 val_dice=0.9059 (7s)
[unetpp_seed42] epoch  40/60 loss=0.1687 val_dice=0.9069 (7s)
[unetpp_seed42] epoch  41/60 loss=0.1707 val_dice=0.8967 (7s)
[unetpp_seed42] epoch  42/60 loss=0.1613 val_dice=0.9086 (7s)
[unetpp_seed42] epoch  43/60 loss=0.1532 val_dice=0.9098 (7s)
[unetpp_seed42] epoch  44/60 loss=0.1522 val_dice=0.9109 (7s)
[unetpp_seed42] epoch  45/60 loss=0.1617 val_dice=0.9083 (8s)
[unetpp_seed42] epoch  46/60 loss=0.1566 val_dice=0.9103 (8s)
[unetpp_seed42] epoch  47/60 loss=0.1519 val_dice=0.9093 (7s)
[unetpp_seed42] epoch  48/60 loss=0.1555 val_dice=0.9089 (7s)
[unetpp_seed42] early stop at epoch 48 (best 0.9175 @ 33)
[unetpp_seed42] done. best val Dice 0.9175 @ epoch 33
== train unetpp_seed1337
[unetpp_seed1337] device=cuda params=26.08M train=800 val=100 amp=True
[unetpp_seed1337] epoch   1/60 loss=1.2778 val_dice=0.7538 (8s)
[unetpp_seed1337] epoch   2/60 loss=1.0036 val_dice=0.7988 (7s)
[unetpp_seed1337] epoch   3/60 loss=0.9021 val_dice=0.7939 (7s)
[unetpp_seed1337] epoch   4/60 loss=0.8329 val_dice=0.8520 (7s)
[unetpp_seed1337] epoch   5/60 loss=0.7781 val_dice=0.8356 (7s)
[unetpp_seed1337] epoch   6/60 loss=0.7139 val_dice=0.7961 (7s)
[unetpp_seed1337] epoch   7/60 loss=0.6694 val_dice=0.8553 (7s)
[unetpp_seed1337] epoch   8/60 loss=0.6154 val_dice=0.8751 (7s)
[unetpp_seed1337] epoch   9/60 loss=0.5782 val_dice=0.8693 (7s)
[unetpp_seed1337] epoch  10/60 loss=0.5221 val_dice=0.8549 (7s)
[unetpp_seed1337] epoch  11/60 loss=0.5067 val_dice=0.8658 (7s)
[unetpp_seed1337] epoch  12/60 loss=0.4907 val_dice=0.8817 (7s)
[unetpp_seed1337] epoch  13/60 loss=0.4514 val_dice=0.8839 (7s)
[unetpp_seed1337] epoch  14/60 loss=0.4358 val_dice=0.8806 (7s)
[unetpp_seed1337] epoch  15/60 loss=0.4137 val_dice=0.8782 (7s)
[unetpp_seed1337] epoch  16/60 loss=0.3935 val_dice=0.8680 (7s)
[unetpp_seed1337] epoch  17/60 loss=0.3632 val_dice=0.8679 (7s)
[unetpp_seed1337] epoch  18/60 loss=0.3317 val_dice=0.8857 (7s)
[unetpp_seed1337] epoch  19/60 loss=0.3293 val_dice=0.8951 (7s)
[unetpp_seed1337] epoch  20/60 loss=0.3192 val_dice=0.8890 (7s)
[unetpp_seed1337] epoch  21/60 loss=0.3197 val_dice=0.8888 (7s)
[unetpp_seed1337] epoch  22/60 loss=0.2940 val_dice=0.8988 (7s)
[unetpp_seed1337] epoch  23/60 loss=0.2772 val_dice=0.9041 (7s)
[unetpp_seed1337] epoch  24/60 loss=0.2789 val_dice=0.8931 (7s)
[unetpp_seed1337] epoch  25/60 loss=0.2789 val_dice=0.9016 (7s)
[unetpp_seed1337] epoch  26/60 loss=0.2729 val_dice=0.8907 (7s)
[unetpp_seed1337] epoch  27/60 loss=0.2682 val_dice=0.8931 (7s)
[unetpp_seed1337] epoch  28/60 loss=0.2425 val_dice=0.8952 (8s)
[unetpp_seed1337] epoch  29/60 loss=0.2364 val_dice=0.9014 (9s)
[unetpp_seed1337] epoch  30/60 loss=0.2484 val_dice=0.9044 (7s)
[unetpp_seed1337] epoch  31/60 loss=0.2221 val_dice=0.9034 (7s)
[unetpp_seed1337] epoch  32/60 loss=0.2382 val_dice=0.8916 (7s)
[unetpp_seed1337] epoch  33/60 loss=0.2314 val_dice=0.8892 (7s)
[unetpp_seed1337] epoch  34/60 loss=0.2205 val_dice=0.8817 (7s)
[unetpp_seed1337] epoch  35/60 loss=0.2183 val_dice=0.8837 (7s)
[unetpp_seed1337] epoch  36/60 loss=0.2191 val_dice=0.8916 (7s)
[unetpp_seed1337] epoch  37/60 loss=0.2136 val_dice=0.8946 (7s)
[unetpp_seed1337] epoch  38/60 loss=0.1941 val_dice=0.8976 (7s)
[unetpp_seed1337] epoch  39/60 loss=0.2027 val_dice=0.9062 (7s)
[unetpp_seed1337] epoch  40/60 loss=0.1890 val_dice=0.9065 (7s)
[unetpp_seed1337] epoch  41/60 loss=0.1908 val_dice=0.9015 (7s)
[unetpp_seed1337] epoch  42/60 loss=0.1863 val_dice=0.9026 (7s)
[unetpp_seed1337] epoch  43/60 loss=0.1951 val_dice=0.8923 (9s)
[unetpp_seed1337] epoch  44/60 loss=0.1834 val_dice=0.9071 (7s)
[unetpp_seed1337] epoch  45/60 loss=0.1791 val_dice=0.9032 (7s)
[unetpp_seed1337] epoch  46/60 loss=0.1783 val_dice=0.8996 (7s)
[unetpp_seed1337] epoch  47/60 loss=0.1912 val_dice=0.9048 (7s)
[unetpp_seed1337] epoch  48/60 loss=0.1756 val_dice=0.9009 (7s)
[unetpp_seed1337] epoch  49/60 loss=0.1754 val_dice=0.9045 (7s)
[unetpp_seed1337] epoch  50/60 loss=0.1744 val_dice=0.9058 (7s)
[unetpp_seed1337] epoch  51/60 loss=0.1773 val_dice=0.9061 (7s)
[unetpp_seed1337] epoch  52/60 loss=0.1728 val_dice=0.9058 (7s)
[unetpp_seed1337] epoch  53/60 loss=0.1787 val_dice=0.9062 (7s)
[unetpp_seed1337] epoch  54/60 loss=0.1728 val_dice=0.9066 (6s)
[unetpp_seed1337] epoch  55/60 loss=0.1645 val_dice=0.9065 (7s)
[unetpp_seed1337] epoch  56/60 loss=0.1659 val_dice=0.9064 (7s)
[unetpp_seed1337] epoch  57/60 loss=0.1646 val_dice=0.9062 (9s)
[unetpp_seed1337] epoch  58/60 loss=0.1749 val_dice=0.9063 (7s)
[unetpp_seed1337] epoch  59/60 loss=0.1690 val_dice=0.9065 (7s)
[unetpp_seed1337] early stop at epoch 59 (best 0.9071 @ 44)
[unetpp_seed1337] done. best val Dice 0.9071 @ epoch 44
== train unetpp_seed2024
[unetpp_seed2024] device=cuda params=26.08M train=800 val=100 amp=True
[unetpp_seed2024] epoch   1/60 loss=1.0375 val_dice=0.8133 (8s)
[unetpp_seed2024] epoch   2/60 loss=0.7565 val_dice=0.8211 (7s)
[unetpp_seed2024] epoch   3/60 loss=0.6587 val_dice=0.8398 (7s)
[unetpp_seed2024] epoch   4/60 loss=0.5836 val_dice=0.8608 (7s)
[unetpp_seed2024] epoch   5/60 loss=0.5228 val_dice=0.8726 (7s)
[unetpp_seed2024] epoch   6/60 loss=0.4849 val_dice=0.8657 (7s)
[unetpp_seed2024] epoch   7/60 loss=0.4414 val_dice=0.8688 (7s)
[unetpp_seed2024] epoch   8/60 loss=0.4029 val_dice=0.8823 (7s)
[unetpp_seed2024] epoch   9/60 loss=0.3881 val_dice=0.8791 (7s)
[unetpp_seed2024] epoch  10/60 loss=0.3507 val_dice=0.8841 (7s)
[unetpp_seed2024] epoch  11/60 loss=0.3301 val_dice=0.8840 (7s)
[unetpp_seed2024] epoch  12/60 loss=0.3334 val_dice=0.8854 (7s)
[unetpp_seed2024] epoch  13/60 loss=0.3325 val_dice=0.8876 (7s)
[unetpp_seed2024] epoch  14/60 loss=0.3136 val_dice=0.8887 (7s)
[unetpp_seed2024] epoch  15/60 loss=0.3067 val_dice=0.8845 (7s)
[unetpp_seed2024] epoch  16/60 loss=0.2734 val_dice=0.8894 (7s)
[unetpp_seed2024] epoch  17/60 loss=0.2798 val_dice=0.9033 (8s)
[unetpp_seed2024] epoch  18/60 loss=0.2665 val_dice=0.9032 (8s)
[unetpp_seed2024] epoch  19/60 loss=0.2586 val_dice=0.9013 (7s)
[unetpp_seed2024] epoch  20/60 loss=0.2694 val_dice=0.8881 (7s)
[unetpp_seed2024] epoch  21/60 loss=0.2532 val_dice=0.8875 (7s)
[unetpp_seed2024] epoch  22/60 loss=0.2559 val_dice=0.8937 (9s)
[unetpp_seed2024] epoch  23/60 loss=0.2381 val_dice=0.9052 (8s)
[unetpp_seed2024] epoch  24/60 loss=0.2346 val_dice=0.8948 (7s)
[unetpp_seed2024] epoch  25/60 loss=0.2251 val_dice=0.9080 (7s)
[unetpp_seed2024] epoch  26/60 loss=0.2211 val_dice=0.9000 (7s)
[unetpp_seed2024] epoch  27/60 loss=0.2232 val_dice=0.8960 (7s)
[unetpp_seed2024] epoch  28/60 loss=0.2212 val_dice=0.8986 (7s)
[unetpp_seed2024] epoch  29/60 loss=0.2039 val_dice=0.9065 (7s)
[unetpp_seed2024] epoch  30/60 loss=0.2039 val_dice=0.9051 (7s)
[unetpp_seed2024] epoch  31/60 loss=0.1982 val_dice=0.9106 (7s)
[unetpp_seed2024] epoch  32/60 loss=0.1851 val_dice=0.9064 (7s)
[unetpp_seed2024] epoch  33/60 loss=0.1898 val_dice=0.9125 (7s)
[unetpp_seed2024] epoch  34/60 loss=0.1828 val_dice=0.9058 (7s)
[unetpp_seed2024] epoch  35/60 loss=0.1921 val_dice=0.9118 (7s)
[unetpp_seed2024] epoch  36/60 loss=0.1794 val_dice=0.9159 (7s)
[unetpp_seed2024] epoch  37/60 loss=0.1830 val_dice=0.9104 (7s)
[unetpp_seed2024] epoch  38/60 loss=0.1788 val_dice=0.9138 (7s)
[unetpp_seed2024] epoch  39/60 loss=0.1714 val_dice=0.9103 (7s)
[unetpp_seed2024] epoch  40/60 loss=0.1665 val_dice=0.9115 (7s)
[unetpp_seed2024] epoch  41/60 loss=0.1786 val_dice=0.9084 (7s)
[unetpp_seed2024] epoch  42/60 loss=0.1585 val_dice=0.9085 (7s)
[unetpp_seed2024] epoch  43/60 loss=0.1741 val_dice=0.9123 (7s)
[unetpp_seed2024] epoch  44/60 loss=0.1618 val_dice=0.9108 (9s)
[unetpp_seed2024] epoch  45/60 loss=0.1561 val_dice=0.9076 (8s)
[unetpp_seed2024] epoch  46/60 loss=0.1587 val_dice=0.9126 (7s)
[unetpp_seed2024] epoch  47/60 loss=0.1579 val_dice=0.9111 (7s)
[unetpp_seed2024] epoch  48/60 loss=0.1554 val_dice=0.9141 (7s)
[unetpp_seed2024] epoch  49/60 loss=0.1456 val_dice=0.9128 (7s)
[unetpp_seed2024] epoch  50/60 loss=0.1504 val_dice=0.9126 (7s)
[unetpp_seed2024] epoch  51/60 loss=0.1593 val_dice=0.9132 (8s)
[unetpp_seed2024] early stop at epoch 51 (best 0.9159 @ 36)
[unetpp_seed2024] done. best val Dice 0.9159 @ epoch 36
== train segformer_seed42
[segformer_seed42] device=cuda params=3.71M train=800 val=100 amp=True
[segformer_seed42] epoch   1/60 loss=1.0528 val_dice=0.7509 (12s)
[segformer_seed42] epoch   2/60 loss=0.7227 val_dice=0.8065 (5s)
[segformer_seed42] epoch   3/60 loss=0.5964 val_dice=0.7956 (4s)
[segformer_seed42] epoch   4/60 loss=0.5614 val_dice=0.7819 (5s)
[segformer_seed42] epoch   5/60 loss=0.5182 val_dice=0.8273 (8s)
[segformer_seed42] epoch   6/60 loss=0.4908 val_dice=0.8537 (5s)
[segformer_seed42] epoch   7/60 loss=0.4504 val_dice=0.8672 (5s)
[segformer_seed42] epoch   8/60 loss=0.4252 val_dice=0.8587 (5s)
[segformer_seed42] epoch   9/60 loss=0.4101 val_dice=0.8648 (4s)
[segformer_seed42] epoch  10/60 loss=0.3899 val_dice=0.8762 (4s)
[segformer_seed42] epoch  11/60 loss=0.3802 val_dice=0.8818 (5s)
[segformer_seed42] epoch  12/60 loss=0.3779 val_dice=0.8680 (4s)
[segformer_seed42] epoch  13/60 loss=0.3558 val_dice=0.8900 (4s)
[segformer_seed42] epoch  14/60 loss=0.3451 val_dice=0.8839 (5s)
[segformer_seed42] epoch  15/60 loss=0.3372 val_dice=0.8904 (4s)
[segformer_seed42] epoch  16/60 loss=0.3543 val_dice=0.8983 (5s)
[segformer_seed42] epoch  17/60 loss=0.3336 val_dice=0.8918 (4s)
[segformer_seed42] epoch  18/60 loss=0.3252 val_dice=0.9042 (5s)
[segformer_seed42] epoch  19/60 loss=0.3086 val_dice=0.8958 (4s)
[segformer_seed42] epoch  20/60 loss=0.3041 val_dice=0.8980 (5s)
[segformer_seed42] epoch  21/60 loss=0.2991 val_dice=0.8994 (4s)
[segformer_seed42] epoch  22/60 loss=0.2948 val_dice=0.9042 (4s)
[segformer_seed42] epoch  23/60 loss=0.2804 val_dice=0.9050 (7s)
[segformer_seed42] epoch  24/60 loss=0.2918 val_dice=0.8771 (6s)
[segformer_seed42] epoch  25/60 loss=0.2770 val_dice=0.8913 (4s)
[segformer_seed42] epoch  26/60 loss=0.2741 val_dice=0.9123 (4s)
[segformer_seed42] epoch  27/60 loss=0.2611 val_dice=0.8961 (4s)
[segformer_seed42] epoch  28/60 loss=0.2753 val_dice=0.8980 (4s)
[segformer_seed42] epoch  29/60 loss=0.2657 val_dice=0.9014 (5s)
[segformer_seed42] epoch  30/60 loss=0.2573 val_dice=0.9004 (4s)
[segformer_seed42] epoch  31/60 loss=0.2569 val_dice=0.9030 (4s)
[segformer_seed42] epoch  32/60 loss=0.2504 val_dice=0.8978 (4s)
[segformer_seed42] epoch  33/60 loss=0.2557 val_dice=0.8980 (4s)
[segformer_seed42] epoch  34/60 loss=0.2410 val_dice=0.8963 (4s)
[segformer_seed42] epoch  35/60 loss=0.2428 val_dice=0.9080 (4s)
[segformer_seed42] epoch  36/60 loss=0.2376 val_dice=0.9109 (5s)
[segformer_seed42] epoch  37/60 loss=0.2407 val_dice=0.9084 (4s)
[segformer_seed42] epoch  38/60 loss=0.2357 val_dice=0.9143 (5s)
[segformer_seed42] epoch  39/60 loss=0.2255 val_dice=0.8966 (4s)
[segformer_seed42] epoch  40/60 loss=0.2327 val_dice=0.9098 (4s)
[segformer_seed42] epoch  41/60 loss=0.2371 val_dice=0.9096 (5s)
[segformer_seed42] epoch  42/60 loss=0.2238 val_dice=0.9058 (4s)
[segformer_seed42] epoch  43/60 loss=0.2277 val_dice=0.8975 (4s)
[segformer_seed42] epoch  44/60 loss=0.2093 val_dice=0.9023 (5s)
[segformer_seed42] epoch  45/60 loss=0.2176 val_dice=0.8978 (5s)
[segformer_seed42] epoch  46/60 loss=0.2200 val_dice=0.9063 (5s)
[segformer_seed42] epoch  47/60 loss=0.2175 val_dice=0.8973 (5s)
[segformer_seed42] epoch  48/60 loss=0.2204 val_dice=0.9014 (5s)
[segformer_seed42] epoch  49/60 loss=0.2168 val_dice=0.9001 (4s)
[segformer_seed42] epoch  50/60 loss=0.2065 val_dice=0.8993 (5s)
[segformer_seed42] epoch  51/60 loss=0.2123 val_dice=0.9008 (4s)
[segformer_seed42] epoch  52/60 loss=0.2022 val_dice=0.9013 (4s)
[segformer_seed42] epoch  53/60 loss=0.2045 val_dice=0.9016 (4s)
[segformer_seed42] early stop at epoch 53 (best 0.9143 @ 38)
[segformer_seed42] done. best val Dice 0.9143 @ epoch 38
== train segformer_seed1337
[segformer_seed1337] device=cuda params=3.71M train=800 val=100 amp=True
[segformer_seed1337] epoch   1/60 loss=0.9773 val_dice=0.7274 (11s)
[segformer_seed1337] epoch   2/60 loss=0.7040 val_dice=0.8045 (4s)
[segformer_seed1337] epoch   3/60 loss=0.6031 val_dice=0.8129 (4s)
[segformer_seed1337] epoch   4/60 loss=0.5536 val_dice=0.8471 (5s)
[segformer_seed1337] epoch   5/60 loss=0.5004 val_dice=0.8153 (4s)
[segformer_seed1337] epoch   6/60 loss=0.4765 val_dice=0.8596 (5s)
[segformer_seed1337] epoch   7/60 loss=0.4295 val_dice=0.8637 (5s)
[segformer_seed1337] epoch   8/60 loss=0.4103 val_dice=0.8698 (5s)
[segformer_seed1337] epoch   9/60 loss=0.4050 val_dice=0.8689 (4s)
[segformer_seed1337] epoch  10/60 loss=0.3860 val_dice=0.8853 (4s)
[segformer_seed1337] epoch  11/60 loss=0.3691 val_dice=0.8763 (5s)
[segformer_seed1337] epoch  12/60 loss=0.3601 val_dice=0.8849 (4s)
[segformer_seed1337] epoch  13/60 loss=0.3658 val_dice=0.8814 (4s)
[segformer_seed1337] epoch  14/60 loss=0.3400 val_dice=0.8768 (4s)
[segformer_seed1337] epoch  15/60 loss=0.3463 val_dice=0.8814 (5s)
[segformer_seed1337] epoch  16/60 loss=0.3547 val_dice=0.8696 (5s)
[segformer_seed1337] epoch  17/60 loss=0.3223 val_dice=0.8850 (7s)
[segformer_seed1337] epoch  18/60 loss=0.3103 val_dice=0.8923 (4s)
[segformer_seed1337] epoch  19/60 loss=0.3297 val_dice=0.8947 (5s)
[segformer_seed1337] epoch  20/60 loss=0.3058 val_dice=0.9004 (5s)
[segformer_seed1337] epoch  21/60 loss=0.3000 val_dice=0.8931 (5s)
[segformer_seed1337] epoch  22/60 loss=0.2817 val_dice=0.8930 (4s)
[segformer_seed1337] epoch  23/60 loss=0.2778 val_dice=0.9044 (5s)
[segformer_seed1337] epoch  24/60 loss=0.2930 val_dice=0.9032 (5s)
[segformer_seed1337] epoch  25/60 loss=0.2793 val_dice=0.8946 (5s)
[segformer_seed1337] epoch  26/60 loss=0.2787 val_dice=0.9078 (5s)
[segformer_seed1337] epoch  27/60 loss=0.2724 val_dice=0.8975 (4s)
[segformer_seed1337] epoch  28/60 loss=0.2634 val_dice=0.8941 (5s)
[segformer_seed1337] epoch  29/60 loss=0.2644 val_dice=0.9045 (8s)
[segformer_seed1337] epoch  30/60 loss=0.2646 val_dice=0.9038 (4s)
[segformer_seed1337] epoch  31/60 loss=0.2652 val_dice=0.9054 (4s)
[segformer_seed1337] epoch  32/60 loss=0.2525 val_dice=0.9034 (4s)
[segformer_seed1337] epoch  33/60 loss=0.2437 val_dice=0.9056 (4s)
[segformer_seed1337] epoch  34/60 loss=0.2304 val_dice=0.8976 (4s)
[segformer_seed1337] epoch  35/60 loss=0.2480 val_dice=0.8991 (4s)
[segformer_seed1337] epoch  36/60 loss=0.2339 val_dice=0.8940 (9s)
[segformer_seed1337] epoch  37/60 loss=0.2396 val_dice=0.9007 (4s)
[segformer_seed1337] epoch  38/60 loss=0.2266 val_dice=0.9035 (4s)
[segformer_seed1337] epoch  39/60 loss=0.2379 val_dice=0.8924 (4s)
[segformer_seed1337] epoch  40/60 loss=0.2352 val_dice=0.8928 (4s)
[segformer_seed1337] epoch  41/60 loss=0.2259 val_dice=0.8968 (4s)
[segformer_seed1337] early stop at epoch 41 (best 0.9078 @ 26)
[segformer_seed1337] done. best val Dice 0.9078 @ epoch 26
== train segformer_seed2024
[segformer_seed2024] device=cuda params=3.71M train=800 val=100 amp=True
[segformer_seed2024] epoch   1/60 loss=0.9600 val_dice=0.7781 (12s)
[segformer_seed2024] epoch   2/60 loss=0.6746 val_dice=0.8015 (4s)
[segformer_seed2024] epoch   3/60 loss=0.5839 val_dice=0.8305 (4s)
[segformer_seed2024] epoch   4/60 loss=0.5379 val_dice=0.8421 (4s)
[segformer_seed2024] epoch   5/60 loss=0.5023 val_dice=0.8567 (4s)
[segformer_seed2024] epoch   6/60 loss=0.4814 val_dice=0.8548 (7s)
[segformer_seed2024] epoch   7/60 loss=0.4367 val_dice=0.8573 (5s)
[segformer_seed2024] epoch   8/60 loss=0.4205 val_dice=0.8342 (5s)
[segformer_seed2024] epoch   9/60 loss=0.3900 val_dice=0.8732 (4s)
[segformer_seed2024] epoch  10/60 loss=0.3727 val_dice=0.8716 (4s)
[segformer_seed2024] epoch  11/60 loss=0.3570 val_dice=0.8783 (4s)
[segformer_seed2024] epoch  12/60 loss=0.3463 val_dice=0.8623 (5s)
[segformer_seed2024] epoch  13/60 loss=0.3405 val_dice=0.8734 (4s)
[segformer_seed2024] epoch  14/60 loss=0.3337 val_dice=0.8886 (4s)
[segformer_seed2024] epoch  15/60 loss=0.3106 val_dice=0.8865 (4s)
[segformer_seed2024] epoch  16/60 loss=0.3092 val_dice=0.8781 (4s)
[segformer_seed2024] epoch  17/60 loss=0.3051 val_dice=0.8872 (5s)
[segformer_seed2024] epoch  18/60 loss=0.2932 val_dice=0.8892 (4s)
[segformer_seed2024] epoch  19/60 loss=0.2974 val_dice=0.8862 (5s)
[segformer_seed2024] epoch  20/60 loss=0.2825 val_dice=0.8915 (4s)
[segformer_seed2024] epoch  21/60 loss=0.2896 val_dice=0.8837 (4s)
[segformer_seed2024] epoch  22/60 loss=0.2862 val_dice=0.9028 (4s)
[segformer_seed2024] epoch  23/60 loss=0.2609 val_dice=0.9000 (4s)
[segformer_seed2024] epoch  24/60 loss=0.2673 val_dice=0.8931 (4s)
[segformer_seed2024] epoch  25/60 loss=0.2639 val_dice=0.8809 (5s)
[segformer_seed2024] epoch  26/60 loss=0.2776 val_dice=0.8966 (4s)
[segformer_seed2024] epoch  27/60 loss=0.2483 val_dice=0.8946 (4s)
[segformer_seed2024] epoch  28/60 loss=0.2402 val_dice=0.8860 (5s)
[segformer_seed2024] epoch  29/60 loss=0.2478 val_dice=0.8956 (5s)
[segformer_seed2024] epoch  30/60 loss=0.2348 val_dice=0.9026 (5s)
[segformer_seed2024] epoch  31/60 loss=0.2253 val_dice=0.8979 (4s)
[segformer_seed2024] epoch  32/60 loss=0.2276 val_dice=0.9030 (5s)
[segformer_seed2024] epoch  33/60 loss=0.2160 val_dice=0.9019 (5s)
[segformer_seed2024] epoch  34/60 loss=0.2184 val_dice=0.9033 (5s)
[segformer_seed2024] epoch  35/60 loss=0.2169 val_dice=0.9009 (8s)
[segformer_seed2024] epoch  36/60 loss=0.2204 val_dice=0.8843 (5s)
[segformer_seed2024] epoch  37/60 loss=0.2368 val_dice=0.8990 (5s)
[segformer_seed2024] epoch  38/60 loss=0.2178 val_dice=0.8812 (5s)
[segformer_seed2024] epoch  39/60 loss=0.2215 val_dice=0.9024 (5s)
[segformer_seed2024] epoch  40/60 loss=0.2125 val_dice=0.9109 (8s)
[segformer_seed2024] epoch  41/60 loss=0.2149 val_dice=0.8870 (4s)
[segformer_seed2024] epoch  42/60 loss=0.2037 val_dice=0.9050 (5s)
[segformer_seed2024] epoch  43/60 loss=0.2166 val_dice=0.9038 (4s)
[segformer_seed2024] epoch  44/60 loss=0.2054 val_dice=0.9032 (4s)
[segformer_seed2024] epoch  45/60 loss=0.2100 val_dice=0.8981 (5s)
[segformer_seed2024] epoch  46/60 loss=0.2025 val_dice=0.9005 (5s)
[segformer_seed2024] epoch  47/60 loss=0.1960 val_dice=0.9011 (5s)
[segformer_seed2024] epoch  48/60 loss=0.2108 val_dice=0.9016 (5s)
[segformer_seed2024] epoch  49/60 loss=0.2074 val_dice=0.9027 (4s)
[segformer_seed2024] epoch  50/60 loss=0.2039 val_dice=0.9002 (5s)
[segformer_seed2024] epoch  51/60 loss=0.1999 val_dice=0.8994 (4s)
[segformer_seed2024] epoch  52/60 loss=0.2021 val_dice=0.9022 (4s)
[segformer_seed2024] epoch  53/60 loss=0.2005 val_dice=0.9009 (5s)
[segformer_seed2024] epoch  54/60 loss=0.2060 val_dice=0.9000 (4s)
[segformer_seed2024] epoch  55/60 loss=0.1982 val_dice=0.9006 (5s)
[segformer_seed2024] early stop at epoch 55 (best 0.9109 @ 40)
[segformer_seed2024] done. best val Dice 0.9109 @ epoch 40
== eval unet_seed42
[eval] cvc-clinicdb: 612 images
                dice     iou  boundary_f1
dataset                                  
cvc-clinicdb  0.8328  0.7579       0.5497
kvasir-seg    0.8926  0.8402       0.4671

Wrote polypseg/outputs/perimage_unet_seed42.csv
== eval unet_seed42 (TTA)
[eval] cvc-clinicdb: 612 images
                dice     iou  boundary_f1
dataset                                  
cvc-clinicdb  0.8470  0.7744       0.5774
kvasir-seg    0.9115  0.8637       0.4952

Wrote polypseg/outputs/perimage_unet_seed42_tta.csv
== eval unet_seed1337
[eval] cvc-clinicdb: 612 images
                dice     iou  boundary_f1
dataset                                  
cvc-clinicdb  0.8177  0.7362       0.5197
kvasir-seg    0.8999  0.8486       0.4627

Wrote polypseg/outputs/perimage_unet_seed1337.csv
== eval unet_seed1337 (TTA)
[eval] cvc-clinicdb: 612 images
                dice     iou  boundary_f1
dataset                                  
cvc-clinicdb  0.8411  0.7644       0.5618
kvasir-seg    0.9154  0.8670       0.5070

Wrote polypseg/outputs/perimage_unet_seed1337_tta.csv
== eval unet_seed2024
[eval] cvc-clinicdb: 612 images
                dice     iou  boundary_f1
dataset                                  
cvc-clinicdb  0.8358  0.7588       0.5703
kvasir-seg    0.9184  0.8713       0.5082

Wrote polypseg/outputs/perimage_unet_seed2024.csv
== eval unet_seed2024 (TTA)
[eval] cvc-clinicdb: 612 images
                dice     iou  boundary_f1
dataset                                  
cvc-clinicdb  0.8565  0.7816       0.6008
kvasir-seg    0.9234  0.8790       0.5289

Wrote polypseg/outputs/perimage_unet_seed2024_tta.csv
== eval unetpp_seed42
[eval] cvc-clinicdb: 612 images
                dice     iou  boundary_f1
dataset                                  
cvc-clinicdb  0.8606  0.7822       0.5630
kvasir-seg    0.9260  0.8809       0.5171

Wrote polypseg/outputs/perimage_unetpp_seed42.csv
== eval unetpp_seed42 (TTA)
[eval] cvc-clinicdb: 612 images
                dice     iou  boundary_f1
dataset                                  
cvc-clinicdb  0.8627  0.7877       0.5785
kvasir-seg    0.9356  0.8955       0.5467

Wrote polypseg/outputs/perimage_unetpp_seed42_tta.csv
== eval unetpp_seed1337
[eval] cvc-clinicdb: 612 images
                dice     iou  boundary_f1
dataset                                  
cvc-clinicdb  0.8526  0.7771       0.5756
kvasir-seg    0.9112  0.8622       0.5147

Wrote polypseg/outputs/perimage_unetpp_seed1337.csv
== eval unetpp_seed1337 (TTA)
[eval] cvc-clinicdb: 612 images
                dice     iou  boundary_f1
dataset                                  
cvc-clinicdb  0.8606  0.7878       0.5948
kvasir-seg    0.9138  0.8655       0.5319

Wrote polypseg/outputs/perimage_unetpp_seed1337_tta.csv
== eval unetpp_seed2024
[eval] cvc-clinicdb: 612 images
                dice     iou  boundary_f1
dataset                                  
cvc-clinicdb  0.8476  0.7721       0.5830
kvasir-seg    0.9109  0.8622       0.5089

Wrote polypseg/outputs/perimage_unetpp_seed2024.csv
== eval unetpp_seed2024 (TTA)
[eval] cvc-clinicdb: 612 images
                dice     iou  boundary_f1
dataset                                  
cvc-clinicdb  0.8606  0.7893       0.5988
kvasir-seg    0.9251  0.8831       0.5395

Wrote polypseg/outputs/perimage_unetpp_seed2024_tta.csv
== eval segformer_seed42
[eval] cvc-clinicdb: 612 images
                dice     iou  boundary_f1
dataset                                  
cvc-clinicdb  0.8514  0.7676       0.4948
kvasir-seg    0.9177  0.8649       0.4224

Wrote polypseg/outputs/perimage_segformer_seed42.csv
== eval segformer_seed42 (TTA)
[eval] cvc-clinicdb: 612 images
                dice     iou  boundary_f1
dataset                                  
cvc-clinicdb  0.8593  0.7759       0.5046
kvasir-seg    0.9213  0.8715       0.4494

Wrote polypseg/outputs/perimage_segformer_seed42_tta.csv
== eval segformer_seed1337
[eval] cvc-clinicdb: 612 images
                dice     iou  boundary_f1
dataset                                  
cvc-clinicdb  0.8469  0.7612       0.4961
kvasir-seg    0.9179  0.8654       0.4236

Wrote polypseg/outputs/perimage_segformer_seed1337.csv
== eval segformer_seed1337 (TTA)
[eval] cvc-clinicdb: 612 images
                dice     iou  boundary_f1
dataset                                  
cvc-clinicdb  0.8563  0.7731       0.5149
kvasir-seg    0.9202  0.8706       0.4506

Wrote polypseg/outputs/perimage_segformer_seed1337_tta.csv
== eval segformer_seed2024
[eval] cvc-clinicdb: 612 images
                dice     iou  boundary_f1
dataset                                  
cvc-clinicdb  0.8536  0.7723       0.5053
kvasir-seg    0.9184  0.8670       0.4393

Wrote polypseg/outputs/perimage_segformer_seed2024.csv
== eval segformer_seed2024 (TTA)
[eval] cvc-clinicdb: 612 images
                dice     iou  boundary_f1
dataset                                  
cvc-clinicdb  0.8590  0.7786       0.5183
kvasir-seg    0.9235  0.8751       0.4584

Wrote polypseg/outputs/perimage_segformer_seed2024_tta.csv
== all done
